Multitenant Architecture
- CDB 
- PDB 

Clonning PDB 

CDB 
CDB$ROOT - 1
PDB$SEED - 2
PDB1 - 3
PDB2 - 4
PDB3 - 5

1. Common User and Local User
CDB - Common user c##
PDB - Local user 

create user c##mallik identified by mallik;
create user c##mallik1 identified by mallik1;

create user user1 identified by user1;
create user c##user1 identified by user1;


DEVCDB - C##MALLIK
PDB1 - appspdb1/appspdb1@PDB1
PDB1 - appspdb1/appspdb1@PDB1

CDB --- c##mallik/mallik@CDB

HR ---- appshr/appshr@HR
FIN --- appsfin/appsfin@FIN
MAR --- appsmar/appsmar@MAR



PDB1 =
  (DESCRIPTION =
    (ADDRESS_LIST =
      (ADDRESS = (PROTOCOL = TCP)(HOST = oraclelab1.localdomain.com)(PORT = 1521))
    )
    (CONNECT_DATA =
      (SERVICE_NAME = PDB1)
    )
  )


PDB3 =
  (DESCRIPTION =
    (ADDRESS_LIST =
      (ADDRESS = (PROTOCOL = TCP)(HOST = oraclelab1.localdomain.com)(PORT = 1521))
    )
    (CONNECT_DATA =
      (SERVICE_NAME = PDB3)
    )
  )

DEVCDB - sqlplus C##MALLIK/mallik@DEVCDB
PDB1 - sqlplus appspdb1/appspdb1@PDB1
PDB1 - sqlplus appspdb3/appspdb3@PDB3

2. Listner and TNS - How to connect to PDB & CDB 
/u01/app/oracle/product/19.0.0.0/dbhome_1/network/admin

LISTENER =
  (DESCRIPTION_LIST =
    (DESCRIPTION =
      (ADDRESS = (PROTOCOL = TCP)(HOST = oraclelab1.localdomain.com)(PORT = 1521))
    )
  )

DEVCDB =
  (DESCRIPTION =
    (ADDRESS = (PROTOCOL = TCP)(HOST = oraclelab1.localdomain.com)(PORT = 1521))
    (CONNECT_DATA =
      (SERVER = DEDICATED)
      (SERVICE_NAME = DEVCDB)
    )
  )

PDB1 =
  (DESCRIPTION =
    (ADDRESS_LIST =
      (ADDRESS = (PROTOCOL = TCP)(HOST = oraclelab1.localdomain.com)(PORT = 1521))
    )
    (CONNECT_DATA =
      (SERVICE_NAME = PDB1)
    )
  )


PDB3 =
  (DESCRIPTION =
    (ADDRESS_LIST =
      (ADDRESS = (PROTOCOL = TCP)(HOST = oraclelab1.localdomain.com)(PORT = 1521))
    )
    (CONNECT_DATA =
      (SERVICE_NAME = PDB3)
    )
  )


ADR_BASE_LISTENER = /u01/app/oracle


Service "DEVCDB" has 1 instance(s).
  Instance "DEVCDB", status READY, has 1 handler(s) for this service...



Service "pdb3" has 1 instance(s).
  Instance "DEVCDB", status READY, has 1 handler(s) for this service...

Service "pdb2" has 2 instance(s).
  Instance "DEVCDB", status READY, has 1 handler(s) for this service...

Service "pdb1" has 1 instance(s).
  Instance "DEVCDB", status READY, has 1 handler(s) for this service...


Service "fac3f3ee3c451fdbe053b404260a986d" has 1 instance(s).
  Instance "DEVCDB", status READY, has 1 handler(s) for this service...

Service "fac3ddb475181e39e053b404260a5a37" has 2 instance(s).
  Instance "DEVCDB", status READY, has 1 handler(s) for this service...

Service "fac2dcd2654e7d41e053b404260affb0" has 1 instance(s).
  Instance "DEVCDB", status READY, has 1 handler(s) for this service...


COLUMN NAME FORMAT A8
SELECT NAME, CON_ID, GUID FROM V$CONTAINERS ORDER BY CON_ID;


3. Undesranding files system / Datafiles for CDB & PDB 


1. DBA user 
. oraenv
sqlplus / as sysdba

show pdbs
alter session set container=PDB1;

2. APPS user
PDB1 - sqlplus appspdb1/appspdb1@PDB1
PDB1 - sqlplus appspdb3/appspdb3@PDB3


ORACLE_SID=DEVCDB
ORACLE_BASE=/u01/app/oracle
ORACLE_HOME=/u01/app/oracle/product/19.0.0.0/dbhome_1

export ORACLE_PDB_SID=PDB1
sqlplus / as sysdba


. oraenv 
DEVCB/DEVCDB/TESTCDB

export ORACLE_SID=DEVDB
export ORACLE_BASE=/u01/app/oracle
export ORACLE_HOME=/u01/app/oracle/product/19.0.0.0/dbhome_1
export LD_LIBRARY_PATH=/u01/app/oracle/product/19.0.0.0/dbhome_1/lib
export PATH=$PATH:/u01/app/oracle/product/19.0.0.0/dbhome_1/bin

.bash_profile


[root@oraclelab1 ~]# clear
[root@oraclelab1 ~]# ps -ef|grep smon
root      2588  2514  0 09:29 pts/2    00:00:00 grep --color=auto smon
oracle    5464     1  0 May03 ?        00:00:01 ora_smon_TESTCDB
oracle   11493     1  0 Apr27 ?        00:00:08 ora_smon_DEVDB
oracle   31995     1  0 May03 ?        00:00:01 ora_smon_DEVCDB
[root@oraclelab1 ~]# su - oracle
Last login: Wed May  3 10:46:52 IST 2023 on pts/3
[oracle@oraclelab1 ~]$ . oraebv
-bash: oraebv: No such file or directory
[oracle@oraclelab1 ~]$ . oraenv
ORACLE_SID = [oracle] ? DEVCDB
The Oracle base has been set to /u01/app/oracle
[oracle@oraclelab1 ~]$ env |grep ORA
ORACLE_SID=DEVCDB
ORACLE_BASE=/u01/app/oracle
ORACLE_HOME=/u01/app/oracle/product/19.0.0.0/dbhome_1
[oracle@oraclelab1 ~]$
[oracle@oraclelab1 ~]$ sqlplus / as sysdba

SQL*Plus: Release 19.0.0.0.0 - Production on Thu May 4 09:43:21 2023
Version 19.3.0.0.0

Copyright (c) 1982, 2019, Oracle.  All rights reserved.


Connected to:
Oracle Database 19c Enterprise Edition Release 19.0.0.0.0 - Production
Version 19.3.0.0.0

SQL> show pdbs

    CON_ID CON_NAME                       OPEN MODE  RESTRICTED
---------- ------------------------------ ---------- ----------
         2 PDB$SEED                       READ ONLY  NO
         3 PDB1                           READ WRITE NO
         4 PDB2                           MOUNTED
         5 PDB3                           READ WRITE NO
SQL> create user user1 identified by user1;
create user user1 identified by user1
            *
ERROR at line 1:
ORA-65096: invalid common user or role name


SQL> create user c##mallik identified by mallik;

User created.

SQL> create user c##mallik1 identified by mallik1;

User created.

SQL> create user user1 identified by user1;
create user user1 identified by user1
            *
ERROR at line 1:
ORA-65096: invalid common user or role name


SQL> select username from dba_users where username='USER1';

no rows selected

SQL> show pdbs

    CON_ID CON_NAME                       OPEN MODE  RESTRICTED
---------- ------------------------------ ---------- ----------
         2 PDB$SEED                       READ ONLY  NO
         3 PDB1                           READ WRITE NO
         4 PDB2                           MOUNTED
         5 PDB3                           READ WRITE NO
SQL> alter session set container=PDB3;

Session altered.

SQL> show pdbs

    CON_ID CON_NAME                       OPEN MODE  RESTRICTED
---------- ------------------------------ ---------- ----------
         5 PDB3                           READ WRITE NO
SQL>
SQL>
SQL> select username from dba_users where username='C##MALLIK';

USERNAME
--------------------------------------------------------------------------------
C##MALLIK

SQL> select username from dba_users where username='USER1';

no rows selected

SQL> exit
Disconnected from Oracle Database 19c Enterprise Edition Release 19.0.0.0.0 - Production
Version 19.3.0.0.0
[oracle@oraclelab1 ~]$ sqlplus / as sysdba

SQL*Plus: Release 19.0.0.0.0 - Production on Thu May 4 09:47:47 2023
Version 19.3.0.0.0

Copyright (c) 1982, 2019, Oracle.  All rights reserved.


Connected to:
Oracle Database 19c Enterprise Edition Release 19.0.0.0.0 - Production
Version 19.3.0.0.0

SQL> grant dba to C##MALLIK;

Grant succeeded.

SQL> show pdbs

    CON_ID CON_NAME                       OPEN MODE  RESTRICTED
---------- ------------------------------ ---------- ----------
         2 PDB$SEED                       READ ONLY  NO
         3 PDB1                           READ WRITE NO
         4 PDB2                           MOUNTED
         5 PDB3                           READ WRITE NO
SQL> alter session set container=PDB3;

Session altered.

SQL> create user appspdb3 identified by appspdb3;

User created.

SQL> grant dba to appspdb3;

Grant succeeded.

SQL> exit
Disconnected from Oracle Database 19c Enterprise Edition Release 19.0.0.0.0 - Production
Version 19.3.0.0.0
[oracle@oraclelab1 ~]$
[oracle@oraclelab1 ~]$ lsnrctl status LISTENER

LSNRCTL for Linux: Version 19.0.0.0.0 - Production on 04-MAY-2023 10:12:03

Copyright (c) 1991, 2019, Oracle.  All rights reserved.

Connecting to (DESCRIPTION=(ADDRESS=(PROTOCOL=TCP)(HOST=oraclelab1.localdomain.com)(PORT=1521)))
STATUS of the LISTENER
------------------------
Alias                     LISTENER
Version                   TNSLSNR for Linux: Version 19.0.0.0.0 - Production
Start Date                03-MAY-2023 10:37:52
Uptime                    0 days 23 hr. 34 min. 10 sec
Trace Level               off
Security                  ON: Local OS Authentication
SNMP                      OFF
Listener Parameter File   /u01/app/oracle/product/19.0.0.0/dbhome_1/network/admin/listener.ora
Listener Log File         /u01/app/oracle/diag/tnslsnr/oraclelab1/listener/alert/log.xml
Listening Endpoints Summary...
  (DESCRIPTION=(ADDRESS=(PROTOCOL=tcp)(HOST=oraclelab1.localdomain.com)(PORT=1521)))
Services Summary...
Service "DEVCDB" has 1 instance(s).
  Instance "DEVCDB", status READY, has 1 handler(s) for this service...
Service "DEVCDBXDB" has 1 instance(s).
  Instance "DEVCDB", status READY, has 1 handler(s) for this service...
Service "DEVDB" has 1 instance(s).
  Instance "DEVDB", status READY, has 1 handler(s) for this service...
Service "DEVDBXDB" has 1 instance(s).
  Instance "DEVDB", status READY, has 1 handler(s) for this service...
Service "TESTCDB" has 1 instance(s).
  Instance "TESTCDB", status READY, has 1 handler(s) for this service...
Service "TESTCDBXDB" has 1 instance(s).
  Instance "TESTCDB", status READY, has 1 handler(s) for this service...
Service "fac2dcd2654e7d41e053b404260affb0" has 1 instance(s).
  Instance "DEVCDB", status READY, has 1 handler(s) for this service...
Service "fac3729ab4471599e053b404260aa4c2" has 1 instance(s).
  Instance "TESTCDB", status READY, has 1 handler(s) for this service...
Service "fac3ddb475181e39e053b404260a5a37" has 2 instance(s).
  Instance "DEVCDB", status READY, has 1 handler(s) for this service...
  Instance "TESTCDB", status READY, has 1 handler(s) for this service...
Service "fac3f3ee3c451fdbe053b404260a986d" has 1 instance(s).
  Instance "DEVCDB", status READY, has 1 handler(s) for this service...
Service "fac42f8ef31128bce053b404260a7519" has 1 instance(s).
  Instance "TESTCDB", status READY, has 1 handler(s) for this service...
Service "pdb1" has 1 instance(s).
  Instance "DEVCDB", status READY, has 1 handler(s) for this service...
Service "pdb2" has 2 instance(s).
  Instance "DEVCDB", status READY, has 1 handler(s) for this service...
  Instance "TESTCDB", status READY, has 1 handler(s) for this service...
Service "pdb3" has 1 instance(s).
  Instance "DEVCDB", status READY, has 1 handler(s) for this service...
Service "pdb4" has 1 instance(s).
  Instance "TESTCDB", status READY, has 1 handler(s) for this service...
Service "testpdb" has 1 instance(s).
  Instance "TESTCDB", status READY, has 1 handler(s) for this service...
The command completed successfully
You have new mail in /var/spool/mail/oracle
[oracle@oraclelab1 ~]$ env |grep ORA
ORACLE_SID=DEVCDB
ORACLE_BASE=/u01/app/oracle
ORACLE_HOME=/u01/app/oracle/product/19.0.0.0/dbhome_1
[oracle@oraclelab1 ~]$
[oracle@oraclelab1 ~]$
[oracle@oraclelab1 ~]$ sqlplus / as ssydba

SQL*Plus: Release 19.0.0.0.0 - Production
Version 19.3.0.0.0

Copyright (c) 1982, 2019, Oracle.  All rights reserved.

Use SQL*Plus to execute SQL, PL/SQL and SQL*Plus statements.

Usage 1: sqlplus -H | -V

    -H             Displays the SQL*Plus version and the
                   usage help.
    -V             Displays the SQL*Plus version.

Usage 2: sqlplus [ [<option>] [{logon | /nolog}] [<start>] ]

  <option> is: [-AC] [-C <version>] [-F] [-L] [-M "<options>"] [-NOLOGINTIME]
               [-R <level>] [-S]

    -AC            Enable Application Continuity.
    -C <version>   Sets the compatibility of affected commands to the
                   version specified by <version>.  The version has
                   the form "x.y[.z]".  For example, -C 10.2.0
    -F             This option improves performance in general. It changes
                   the default values settings.
                   See SQL*Plus User's Guide for the detailed settings.
    -L             Attempts to log on just once, instead of
                   reprompting on error.
    -M "<options>" Sets automatic HTML or CSV markup of output.  The options
                   have the form:
                   {HTML html_options|CSV csv_options}
                   See SQL*Plus User's Guide for detailed HTML and CSV options.
    -NOLOGINTIME   Don't display Last Successful Login Time.
    -R <level>     Sets restricted mode to disable SQL*Plus commands
                   that interact with the file system.  The level can
                   be 1, 2 or 3.  The most restrictive is -R 3 which
                   disables all user commands interacting with the
                   file system.
    -S             Sets silent mode which suppresses the display of
                   the SQL*Plus banner, prompts, and echoing of
                   commands.

  <logon> is: {<username>[/<password>][@<connect_identifier>] | / }
              [AS {SYSDBA | SYSOPER | SYSASM | SYSBACKUP | SYSDG
              | SYSKM | SYSRAC}] [EDITION=value]

    Specifies the database account username, password and connect
    identifier for the database connection.  Without a connect
    identifier, SQL*Plus connects to the default database.

    The AS SYSDBA, AS SYSOPER, AS SYSASM, AS SYSBACKUP, AS SYSDG,
    AS SYSKM and AS SYSRAC options are database administration privileges.

    <connect_identifier> can be in the form of Net Service Name
    or Easy Connect.

      @[<net_service_name> | [[//]Host[:Port]/<service_name>] |
        [[[protocol:]//]host1{,host12}[:port1]{,host2:port2}[/service_name]
         [:server][/instance_name][?[parameter_name=value]
         {&parameter_name=value}]]]

        <net_service_name> is a simple name for a service that resolves
        to a connect descriptor.

        Example: Connect to database using Net Service Name and the
                 database net service name is ORCL.

           sqlplus myusername/mypassword@ORCL

        Host specifies the host name or IP address of the database
        server computer.

        Port specifies the listening port on the database server.

        <service_name> specifies the service name of the database you
        want to access.

        Example: Connect to database using Easy Connect and the
                 Service name is ORCL.

           sqlplus myusername/mypassword@Host/ORCL

    The /NOLOG option starts SQL*Plus without connecting to a
    database.

    The EDITION specifies the value for Session Edition.


  <start> is: @<URL>|<filename>[.<ext>] [<parameter> ...]

    Runs the specified SQL*Plus script from a web server (URL) or the
    local file system (filename.ext) with specified parameters that
    will be assigned to substitution variables in the script.

When SQL*Plus starts, and after CONNECT commands, the site profile
(e.g. $ORACLE_HOME/sqlplus/admin/glogin.sql) and the user profile
(e.g. login.sql in the working directory) are run.  The files may
contain SQL*Plus commands.

Refer to the SQL*Plus User's Guide and Reference for more information.
[oracle@oraclelab1 ~]$ sqlplus / as sysdba

SQL*Plus: Release 19.0.0.0.0 - Production on Thu May 4 10:14:23 2023
Version 19.3.0.0.0

Copyright (c) 1982, 2019, Oracle.  All rights reserved.


Connected to:
Oracle Database 19c Enterprise Edition Release 19.0.0.0.0 - Production
Version 19.3.0.0.0

SQL> show pdbs

    CON_ID CON_NAME                       OPEN MODE  RESTRICTED
---------- ------------------------------ ---------- ----------
         2 PDB$SEED                       READ ONLY  NO
         3 PDB1                           READ WRITE NO
         4 PDB2                           MOUNTED
         5 PDB3                           READ WRITE NO
SQL> COLUMN NAME FORMAT A8
SELECT NAME, CON_ID, GUID FROM V$CONTAINERS ORDER BY CON_ID;SQL>

NAME         CON_ID GUID
-------- ---------- --------------------------------
CDB$ROOT          1 86B637B62FDF7A65E053F706E80A27CA
PDB$SEED          2 FAC2BA4C57927455E053B404260A2184
PDB1              3 FAC2DCD2654E7D41E053B404260AFFB0
PDB2              4 FAC3DDB475181E39E053B404260A5A37
PDB3              5 FAC3F3EE3C451FDBE053B404260A986D

SQL> show parameter db_

NAME                                 TYPE        VALUE
------------------------------------ ----------- ------------------------------
DBFIPS_140                           boolean     FALSE
allow_global_dblinks                 boolean     FALSE
autotask_max_active_pdbs             integer     2
awr_pdb_autoflush_enabled            boolean     FALSE
awr_pdb_max_parallel_slaves          integer     10
cdb_cluster                          boolean     FALSE
cdb_cluster_name                     string
clonedb_dir                          string
db_16k_cache_size                    big integer 0
db_2k_cache_size                     big integer 0
db_32k_cache_size                    big integer 0

NAME                                 TYPE        VALUE
------------------------------------ ----------- ------------------------------
db_4k_cache_size                     big integer 0
db_8k_cache_size                     big integer 0
db_big_table_cache_percent_target    string      0
db_block_buffers                     integer     0
db_block_checking                    string      FALSE
db_block_checksum                    string      TYPICAL
db_block_size                        integer     8192
db_cache_advice                      string      ON
db_cache_size                        big integer 0
db_create_file_dest                  string      /u01/app/oracle/oradata
db_create_online_log_dest_1          string

NAME                                 TYPE        VALUE
------------------------------------ ----------- ------------------------------
db_create_online_log_dest_2          string
db_create_online_log_dest_3          string
db_create_online_log_dest_4          string
db_create_online_log_dest_5          string
db_domain                            string
db_file_multiblock_read_count        integer     128
db_file_name_convert                 string
db_files                             integer     200
db_flash_cache_file                  string
db_flash_cache_size                  big integer 0
db_flashback_retention_target        integer     1440

NAME                                 TYPE        VALUE
------------------------------------ ----------- ------------------------------
db_index_compression_inheritance     string      NONE
db_keep_cache_size                   big integer 0
db_lost_write_protect                string      NONE
db_name                              string      DEVCDB
db_performance_profile               string
db_recovery_file_dest                string      /u01/app/oracle/fast_recovery_
                                                 area
db_recovery_file_dest_size           big integer 12732M
db_recycle_cache_size                big integer 0
db_securefile                        string      PREFERRED
db_ultra_safe                        string      OFF

NAME                                 TYPE        VALUE
------------------------------------ ----------- ------------------------------
db_unique_name                       string      DEVCDB
db_unrecoverable_scn_tracking        boolean     TRUE
db_writer_processes                  integer     1
dbwr_io_slaves                       integer     0
disable_pdb_feature                  big integer 0
enabled_PDBs_on_standby              string      *
max_pdbs                             integer     254
noncdb_compatible                    boolean     FALSE
one_step_plugin_for_pdb_with_tde     boolean     FALSE
outbound_dblink_protocols            string      ALL
pdb_file_name_convert                string

NAME                                 TYPE        VALUE
------------------------------------ ----------- ------------------------------
pdb_lockdown                         string
pdb_os_credential                    string
pdb_template                         string
rdbms_server_dn                      string
scheduler_follow_pdbtz               boolean     FALSE
standby_db_preserve_states           string      NONE
standby_file_management              string      MANUAL
standby_pdb_source_file_dblink       string
standby_pdb_source_file_directory    string
target_pdbs                          integer     6
xml_db_events                        string      enable
SQL> exit
Disconnected from Oracle Database 19c Enterprise Edition Release 19.0.0.0.0 - Production
Version 19.3.0.0.0
[oracle@oraclelab1 ~]$ cd /u01/app/oracle/oradata
[oracle@oraclelab1 oradata]$ ls -ltrh
total 8.0K
drwxr-x---. 5 oracle oinstall   58 Apr 27 00:48 DEVDB
drwxr-x---. 5 oracle oinstall   58 Apr 27 00:57 TESTDB
drwxr-x---. 8 oracle oinstall 4.0K May  3 10:31 DEVCDB
drwxr-x---. 7 oracle oinstall 4.0K May  3 10:50 TESTCDB
[oracle@oraclelab1 oradata]$ cd DEVCDB
[oracle@oraclelab1 DEVCDB]$ ls -ltrh
total 4.0K
drwxr-x---. 2 oracle oinstall   33 May  3 09:00 controlfile
drwxr-x---. 2 oracle oinstall   93 May  3 09:00 onlinelog
drwxr-x---. 2 oracle oinstall 4.0K May  3 09:04 datafile
drwxr-x---. 3 oracle oinstall   22 May  3 09:13 FAC2DCD2654E7D41E053B404260AFFB0
drwxr-x---. 3 oracle oinstall   22 May  3 10:25 FAC3DDB475181E39E053B404260A5A37
drwxr-x---. 3 oracle oinstall   22 May  3 10:31 FAC3F3EE3C451FDBE053B404260A986D
[oracle@oraclelab1 DEVCDB]$
[oracle@oraclelab1 DEVCDB]$ cd FAC2DCD2654E7D41E053B404260AFFB0
[oracle@oraclelab1 FAC2DCD2654E7D41E053B404260AFFB0]$ ls -ltrh
total 4.0K
drwxr-x---. 2 oracle oinstall 4.0K May  3 09:13 datafile
[oracle@oraclelab1 FAC2DCD2654E7D41E053B404260AFFB0]$ cd datafile
[oracle@oraclelab1 datafile]$ ls -ltrh
total 716M
-rw-r-----. 1 oracle oinstall  37M May  3 10:32 o1_mf_temp_l53p3j61_.dbf
-rw-r-----. 1 oracle oinstall 5.1M May  3 22:06 o1_mf_users_l53p3rsw_.dbf
-rw-r-----. 1 oracle oinstall 101M May  4 10:19 o1_mf_undotbs1_l53p3j61_.dbf
-rw-r-----. 1 oracle oinstall 341M May  4 10:19 o1_mf_sysaux_l53p3j60_.dbf
-rw-r-----. 1 oracle oinstall 271M May  4 10:19 o1_mf_system_l53p3j5s_.dbf
[oracle@oraclelab1 datafile]$
[oracle@oraclelab1 datafile]$ sqlplus / as sysdba

SQL*Plus: Release 19.0.0.0.0 - Production on Thu May 4 10:22:31 2023
Version 19.3.0.0.0

Copyright (c) 1982, 2019, Oracle.  All rights reserved.


Connected to:
Oracle Database 19c Enterprise Edition Release 19.0.0.0.0 - Production
Version 19.3.0.0.0

SQL> show pdbs

    CON_ID CON_NAME                       OPEN MODE  RESTRICTED
---------- ------------------------------ ---------- ----------
         2 PDB$SEED                       READ ONLY  NO
         3 PDB1                           READ WRITE NO
         4 PDB2                           MOUNTED
         5 PDB3                           READ WRITE NO
SQL> select TABLESPACE_NAME from dba_tablespaces;

TABLESPACE_NAME
------------------------------
SYSTEM
SYSAUX
UNDOTBS1
TEMP
USERS

SQL> select FILE_NAME from dba_data_files;

FILE_NAME
--------------------------------------------------------------------------------
/u01/app/oracle/oradata/DEVCDB/datafile/o1_mf_users_l53o9w9r_.dbf
/u01/app/oracle/oradata/DEVCDB/datafile/o1_mf_undotbs1_l53o9v6m_.dbf
/u01/app/oracle/oradata/DEVCDB/datafile/o1_mf_system_l53o7yxk_.dbf
/u01/app/oracle/oradata/DEVCDB/datafile/o1_mf_sysaux_l53o922x_.dbf

SQL> exit
Disconnected from Oracle Database 19c Enterprise Edition Release 19.0.0.0.0 - Production
Version 19.3.0.0.0

[oracle@oraclelab1 datafile]$
[oracle@oraclelab1 datafile]$
[oracle@oraclelab1 datafile]$ ll
total 732760
-rw-r-----. 1 oracle oinstall 356524032 May  4 10:19 o1_mf_sysaux_l53p3j60_.dbf
-rw-r-----. 1 oracle oinstall 283123712 May  4 10:22 o1_mf_system_l53p3j5s_.dbf
-rw-r-----. 1 oracle oinstall  37756928 May  3 10:32 o1_mf_temp_l53p3j61_.dbf
-rw-r-----. 1 oracle oinstall 104865792 May  4 10:19 o1_mf_undotbs1_l53p3j61_.dbf
-rw-r-----. 1 oracle oinstall   5251072 May  3 22:06 o1_mf_users_l53p3rsw_.dbf
[oracle@oraclelab1 datafile]$ cd /u01/app/oracle/product/19.0.0.0/dbhome_1/network/admin
[oracle@oraclelab1 admin]$ ll
total 12
-rw-r--r--. 1 oracle oinstall  337 May  3 10:37 listener.ora
drwxr-xr-x. 2 oracle oinstall   64 Apr 17  2019 samples
-rw-r--r--. 1 oracle oinstall 1536 Feb 14  2018 shrept.lst
-rw-r--r--. 1 oracle oinstall 1128 May  4 09:55 tnsnames.ora
[oracle@oraclelab1 admin]$ mv tnsnames.ora tnsnames.ora_backup
[oracle@oraclelab1 admin]$ ll
total 12
-rw-r--r--. 1 oracle oinstall  337 May  3 10:37 listener.ora
drwxr-xr-x. 2 oracle oinstall   64 Apr 17  2019 samples
-rw-r--r--. 1 oracle oinstall 1536 Feb 14  2018 shrept.lst
-rw-r--r--. 1 oracle oinstall 1128 May  4 09:55 tnsnames.ora_backup
[oracle@oraclelab1 admin]$ cat listener.ora
# listener.ora Network Configuration File: /u01/app/oracle/product/19.0.0.0/dbhome_1/network/admin/listener.o
# Generated by Oracle configuration tools.
LISTENER =
  (DESCRIPTION_LIST =
    (DESCRIPTION =
      (ADDRESS = (PROTOCOL = TCP)(HOST = oraclelab1.localdomain.com)(PORT = 1521))
    )
  )

ADR_BASE_LISTENER = /u01/app/oracle
[oracle@oraclelab1 admin]$ ps -ef|grep tns
root        23     2  0 Apr26 ?        00:00:00 [netns]
oracle    6664  3643  0 10:24 pts/2    00:00:00 grep --color=auto tns
oracle    9614     1  0 May03 ?        00:00:01 /u01/app/oracle/product/19.0.0.0/dbhome_1/bin/tnslsnr LISTENE
[oracle@oraclelab1 admin]$ lsnrctl status LISTENER

LSNRCTL for Linux: Version 19.0.0.0.0 - Production on 04-MAY-2023 10:24:50

Copyright (c) 1991, 2019, Oracle.  All rights reserved.

Connecting to (DESCRIPTION=(ADDRESS=(PROTOCOL=TCP)(HOST=oraclelab1.localdomain.com)(PORT=1521)))
STATUS of the LISTENER
------------------------
Alias                     LISTENER
Version                   TNSLSNR for Linux: Version 19.0.0.0.0 - Production
Start Date                03-MAY-2023 10:37:52
Uptime                    0 days 23 hr. 46 min. 57 sec
Trace Level               off
Security                  ON: Local OS Authentication
SNMP                      OFF
Listener Parameter File   /u01/app/oracle/product/19.0.0.0/dbhome_1/network/admin/listener.ora
Listener Log File         /u01/app/oracle/diag/tnslsnr/oraclelab1/listener/alert/log.xml
Listening Endpoints Summary...
  (DESCRIPTION=(ADDRESS=(PROTOCOL=tcp)(HOST=oraclelab1.localdomain.com)(PORT=1521)))
Services Summary...
Service "DEVCDB" has 1 instance(s).
  Instance "DEVCDB", status READY, has 1 handler(s) for this service...
Service "DEVCDBXDB" has 1 instance(s).
  Instance "DEVCDB", status READY, has 1 handler(s) for this service...
Service "DEVDB" has 1 instance(s).
  Instance "DEVDB", status READY, has 1 handler(s) for this service...
Service "DEVDBXDB" has 1 instance(s).
  Instance "DEVDB", status READY, has 1 handler(s) for this service...
Service "TESTCDB" has 1 instance(s).
  Instance "TESTCDB", status READY, has 1 handler(s) for this service...
Service "TESTCDBXDB" has 1 instance(s).
  Instance "TESTCDB", status READY, has 1 handler(s) for this service...
Service "fac2dcd2654e7d41e053b404260affb0" has 1 instance(s).
  Instance "DEVCDB", status READY, has 1 handler(s) for this service...
Service "fac3729ab4471599e053b404260aa4c2" has 1 instance(s).
  Instance "TESTCDB", status READY, has 1 handler(s) for this service...
Service "fac3ddb475181e39e053b404260a5a37" has 2 instance(s).
  Instance "DEVCDB", status READY, has 1 handler(s) for this service...
  Instance "TESTCDB", status READY, has 1 handler(s) for this service...
Service "fac3f3ee3c451fdbe053b404260a986d" has 1 instance(s).
  Instance "DEVCDB", status READY, has 1 handler(s) for this service...
Service "fac42f8ef31128bce053b404260a7519" has 1 instance(s).
  Instance "TESTCDB", status READY, has 1 handler(s) for this service...
Service "pdb1" has 1 instance(s).
  Instance "DEVCDB", status READY, has 1 handler(s) for this service...
Service "pdb2" has 2 instance(s).
  Instance "DEVCDB", status READY, has 1 handler(s) for this service...
  Instance "TESTCDB", status READY, has 1 handler(s) for this service...
Service "pdb3" has 1 instance(s).
  Instance "DEVCDB", status READY, has 1 handler(s) for this service...
Service "pdb4" has 1 instance(s).
  Instance "TESTCDB", status READY, has 1 handler(s) for this service...
Service "testpdb" has 1 instance(s).
  Instance "TESTCDB", status READY, has 1 handler(s) for this service...
The command completed successfully
[oracle@oraclelab1 admin]$ ps -ef|grep lreg
oracle    5475     1  0 May03 ?        00:00:04 ora_lreg_TESTCDB
oracle    6711  3643  0 10:25 pts/2    00:00:00 grep --color=auto lreg
oracle   11503     1  0 Apr27 ?        00:00:16 ora_lreg_DEVDB
oracle   32005     1  0 May03 ?        00:00:04 ora_lreg_DEVCDB
[oracle@oraclelab1 admin]$
[oracle@oraclelab1 admin]$
[oracle@oraclelab1 admin]$ ^C
[oracle@oraclelab1 admin]$
[oracle@oraclelab1 admin]$
[oracle@oraclelab1 admin]$
[oracle@oraclelab1 admin]$
[oracle@oraclelab1 admin]$ ps -ef|grep smon
oracle    5464     1  0 May03 ?        00:00:01 ora_smon_TESTCDB
oracle    6917  3643  0 10:28 pts/2    00:00:00 grep --color=auto smon
oracle   11493     1  0 Apr27 ?        00:00:08 ora_smon_DEVDB
oracle   31995     1  0 May03 ?        00:00:01 ora_smon_DEVCDB
[oracle@oraclelab1 admin]$ ps -ef|grep tns^C
[oracle@oraclelab1 admin]$ sqlplus / as sysdba

SQL*Plus: Release 19.0.0.0.0 - Production on Thu May 4 10:29:05 2023
Version 19.3.0.0.0

Copyright (c) 1982, 2019, Oracle.  All rights reserved.


Connected to:
Oracle Database 19c Enterprise Edition Release 19.0.0.0.0 - Production
Version 19.3.0.0.0

SQL> show pdbs

    CON_ID CON_NAME                       OPEN MODE  RESTRICTED
---------- ------------------------------ ---------- ----------
         2 PDB$SEED                       READ ONLY  NO
         3 PDB1                           READ WRITE NO
         4 PDB2                           MOUNTED
         5 PDB3                           READ WRITE NO
SQL> select name from v$controlfile;

NAME
--------------------------------------------------------------------------------
/u01/app/oracle/oradata/DEVCDB/controlfile/o1_mf_l53oc7sr_.ctl
/u01/app/oracle/fast_recovery_area/DEVCDB/controlfile/o1_mf_l53oc7vx_.ctl

SQL>
Network error: Software caused connection abort

─────────────────────────────────────────────────────────────────────────────────────────────────────────────

Session stopped
    - Press <return> to exit tab
    - Press R to restart session
    - Press S to save terminal output to file


login as: root
root@10.38.4.180's password:
    ┌──────────────────────────────────────────────────────────────────────┐
    │                 • MobaXterm Personal Edition v21.2 •                 │
    │               (SSH client, X server and network tools)               │
    │                                                                      │
    │ ➤ SSH session to root@10.38.4.180                                    │
    │   • Direct SSH      :  ✔                                             │
    │   • SSH compression :  ✔                                             │
    │   • SSH-browser     :  ✔                                             │
    │   • X11-forwarding  :  ✔  (remote display is forwarded through SSH)  │
    │                                                                      │
    │ ➤ For more info, ctrl+click on help or visit our website.            │
    └──────────────────────────────────────────────────────────────────────┘

Last login: Thu May  4 09:29:18 2023 from 172.29.0.102
[root@oraclelab1 ~]# su - oracle
Last login: Thu May  4 09:41:35 IST 2023 on pts/2
[oracle@oraclelab1 ~]$ . oraenv
ORACLE_SID = [oracle] ? DEVCDB
The Oracle base has been set to /u01/app/oracle
[oracle@oraclelab1 ~]$
[oracle@oraclelab1 ~]$
[oracle@oraclelab1 ~]$ env |grep oRA
[oracle@oraclelab1 ~]$
[oracle@oraclelab1 ~]$
[oracle@oraclelab1 ~]$ env |grep ORA
ORACLE_SID=DEVCDB
ORACLE_BASE=/u01/app/oracle
ORACLE_HOME=/u01/app/oracle/product/19.0.0.0/dbhome_1
[oracle@oraclelab1 ~]$ sqlplus / as sysdba

SQL*Plus: Release 19.0.0.0.0 - Production on Thu May 4 09:42:19 2023
Version 19.3.0.0.0

Copyright (c) 1982, 2019, Oracle.  All rights reserved.


Connected to:
Oracle Database 19c Enterprise Edition Release 19.0.0.0.0 - Production
Version 19.3.0.0.0

SQL> show pdbs

    CON_ID CON_NAME                       OPEN MODE  RESTRICTED
---------- ------------------------------ ---------- ----------
         2 PDB$SEED                       READ ONLY  NO
         3 PDB1                           READ WRITE NO
         4 PDB2                           MOUNTED
         5 PDB3                           READ WRITE NO
SQL> alter session set containner=PDB1;
alter session set containner=PDB1
                  *
ERROR at line 1:
ORA-02248: invalid option for ALTER SESSION


SQL> alter session set container=PDB1;

Session altered.

SQL> show pdbs

    CON_ID CON_NAME                       OPEN MODE  RESTRICTED
---------- ------------------------------ ---------- ----------
         3 PDB1                           READ WRITE NO
SQL> create user user1 identified by user1;

User created.

SQL> create user c##user1 identified by user1;
create user c##user1 identified by user1
            *
ERROR at line 1:
ORA-65094: invalid local user or role name


SQL> select username from dba_users where username='USER1';

USERNAME
--------------------------------------------------------------------------------
USER1

SQL> select username from dba_users where username='C##MALLIK';

USERNAME
--------------------------------------------------------------------------------
C##MALLIK

SQL> select username from dba_users where username='C##MALLIK1';

USERNAME
--------------------------------------------------------------------------------
C##MALLIK1

SQL> grant dba to user1;

Grant succeeded.

SQL> show pdbs

    CON_ID CON_NAME                       OPEN MODE  RESTRICTED
---------- ------------------------------ ---------- ----------
         3 PDB1                           READ WRITE NO
SQL>
SQL>
SQL>
SQL> create user appspdb1 identified by appspdb1;

User created.

SQL> grant dba to appspdb1;

Grant succeeded.

SQL> exit
Disconnected from Oracle Database 19c Enterprise Edition Release 19.0.0.0.0 - Production
Version 19.3.0.0.0

[oracle@oraclelab1 ~]$
[oracle@oraclelab1 ~]$ cd $ORACLE_HOME
[oracle@oraclelab1 dbhome_1]$
[oracle@oraclelab1 dbhome_1]$ cd network/admin/
[oracle@oraclelab1 admin]$ ll
total 12
-rw-r--r--. 1 oracle oinstall  337 May  3 10:37 listener.ora
drwxr-xr-x. 2 oracle oinstall   64 Apr 17  2019 samples
-rw-r--r--. 1 oracle oinstall 1536 Feb 14  2018 shrept.lst
-rw-r--r--. 1 oracle oinstall  743 May  3 10:38 tnsnames.ora
[oracle@oraclelab1 admin]$ cat tnsnames.ora
# tnsnames.ora Network Configuration File: /u01/app/oracle/product/19.0.0.0/dbhome_1/network/admi
# Generated by Oracle configuration tools.

DEVDB =
  (DESCRIPTION =
    (ADDRESS_LIST =
      (ADDRESS = (PROTOCOL = TCP)(HOST = oraclelab1.localdomain.com)(PORT = 1521))
    )
    (CONNECT_DATA =
      (SERVICE_NAME = DEVDB)
    )
  )

DEVCDB =
  (DESCRIPTION =
    (ADDRESS = (PROTOCOL = TCP)(HOST = oraclelab1.localdomain.com)(PORT = 1521))
    (CONNECT_DATA =
      (SERVER = DEDICATED)
      (SERVICE_NAME = DEVCDB)
    )
  )

TESTCDB =
  (DESCRIPTION =
    (ADDRESS = (PROTOCOL = TCP)(HOST = oraclelab1.localdomain.com)(PORT = 1521))
    (CONNECT_DATA =
      (SERVER = DEDICATED)
      (SERVICE_NAME = TESTCDB)
    )
  )


[oracle@oraclelab1 admin]$ vi tnsnames.ora
[oracle@oraclelab1 admin]$ vi tnsnames.ora
[oracle@oraclelab1 admin]$
[oracle@oraclelab1 admin]$
[oracle@oraclelab1 admin]$ sqlplus C##MALLIK/mallik@DEVCDB

SQL*Plus: Release 19.0.0.0.0 - Production on Thu May 4 09:56:16 2023
Version 19.3.0.0.0

Copyright (c) 1982, 2019, Oracle.  All rights reserved.


Connected to:
Oracle Database 19c Enterprise Edition Release 19.0.0.0.0 - Production
Version 19.3.0.0.0

SQL> show pdb
SP2-0158: unknown SHOW option "pdb"
SQL> show pdbs
SP2-0382: The SHOW PDBS command is not available
SQL> show pdbs
SP2-0382: The SHOW PDBS command is not available
SQL> exit
Disconnected from Oracle Database 19c Enterprise Edition Release 19.0.0.0.0 - Production
Version 19.3.0.0.0
[oracle@oraclelab1 admin]$ sqlplus appspdb3/appspdb3@PDB3

SQL*Plus: Release 19.0.0.0.0 - Production on Thu May 4 09:57:18 2023
Version 19.3.0.0.0

Copyright (c) 1982, 2019, Oracle.  All rights reserved.


Connected to:
Oracle Database 19c Enterprise Edition Release 19.0.0.0.0 - Production
Version 19.3.0.0.0

SQL> exit
Disconnected from Oracle Database 19c Enterprise Edition Release 19.0.0.0.0 - Production
Version 19.3.0.0.0
[oracle@oraclelab1 admin]$
You have new mail in /var/spool/mail/oracle
[oracle@oraclelab1 admin]$
[oracle@oraclelab1 admin]$
[oracle@oraclelab1 admin]$
[oracle@oraclelab1 admin]$ ps -ef|grep smopn
oracle    5442  3786  0 10:05 pts/3    00:00:00 grep --color=auto smopn
[oracle@oraclelab1 admin]$ ps -ef|grep smop
oracle    5451  3786  0 10:05 pts/3    00:00:00 grep --color=auto smop
[oracle@oraclelab1 admin]$ ps -ef|grep smon
oracle    5461  3786  0 10:05 pts/3    00:00:00 grep --color=auto smon
oracle    5464     1  0 May03 ?        00:00:01 ora_smon_TESTCDB
oracle   11493     1  0 Apr27 ?        00:00:08 ora_smon_DEVDB
oracle   31995     1  0 May03 ?        00:00:01 ora_smon_DEVCDB
[oracle@oraclelab1 admin]$ pwd
/u01/app/oracle/product/19.0.0.0/dbhome_1/network/admin
[oracle@oraclelab1 admin]$ ls -ltrh
total 12K
-rw-r--r--. 1 oracle oinstall 1.5K Feb 14  2018 shrept.lst
drwxr-xr-x. 2 oracle oinstall   64 Apr 17  2019 samples
-rw-r--r--. 1 oracle oinstall  337 May  3 10:37 listener.ora
-rw-r--r--. 1 oracle oinstall 1.2K May  4 09:55 tnsnames.ora
[oracle@oraclelab1 admin]$ cat listener.ora
# listener.ora Network Configuration File: /u01/app/oracle/product/19.0.0.0/dbhome_1/network/admi
# Generated by Oracle configuration tools.
LISTENER =
  (DESCRIPTION_LIST =
    (DESCRIPTION =
      (ADDRESS = (PROTOCOL = TCP)(HOST = oraclelab1.localdomain.com)(PORT = 1521))
    )
  )

ADR_BASE_LISTENER = /u01/app/oracle
[oracle@oraclelab1 admin]$ ll
total 12
-rw-r--r--. 1 oracle oinstall  337 May  3 10:37 listener.ora
drwxr-xr-x. 2 oracle oinstall   64 Apr 17  2019 samples
-rw-r--r--. 1 oracle oinstall 1536 Feb 14  2018 shrept.lst
-rw-r--r--. 1 oracle oinstall 1128 May  4 09:55 tnsnames.ora
[oracle@oraclelab1 admin]$ cat tnsnames.ora
# tnsnames.ora Network Configuration File: /u01/app/oracle/product/19.0.0.0/dbhome_1/network/admi
# Generated by Oracle configuration tools.

PDB1 =
  (DESCRIPTION =
    (ADDRESS_LIST =
      (ADDRESS = (PROTOCOL = TCP)(HOST = oraclelab1.localdomain.com)(PORT = 1521))
    )
    (CONNECT_DATA =
      (SERVICE_NAME = PDB1)
    )
  )


PDB3 =
  (DESCRIPTION =
    (ADDRESS_LIST =
      (ADDRESS = (PROTOCOL = TCP)(HOST = oraclelab1.localdomain.com)(PORT = 1521))
    )
    (CONNECT_DATA =
      (SERVICE_NAME = PDB3)
    )
  )

DEVDB =
  (DESCRIPTION =
    (ADDRESS_LIST =
      (ADDRESS = (PROTOCOL = TCP)(HOST = oraclelab1.localdomain.com)(PORT = 1521))
    )
    (CONNECT_DATA =
      (SERVICE_NAME = DEVDB)
    )
  )

DEVCDB =
  (DESCRIPTION =
    (ADDRESS = (PROTOCOL = TCP)(HOST = oraclelab1.localdomain.com)(PORT = 1521))
    (CONNECT_DATA =
      (SERVER = DEDICATED)
      (SERVICE_NAME = DEVCDB)
    )
  )

TESTCDB =
  (DESCRIPTION =
    (ADDRESS = (PROTOCOL = TCP)(HOST = oraclelab1.localdomain.com)(PORT = 1521))
    (CONNECT_DATA =
      (SERVER = DEDICATED)
      (SERVICE_NAME = TESTCDB)
    )
  )


[oracle@oraclelab1 admin]$ ps -ef|grep smop^C
[oracle@oraclelab1 admin]$ ^C
[oracle@oraclelab1 admin]$
[oracle@oraclelab1 admin]$
[oracle@oraclelab1 admin]$
[oracle@oraclelab1 admin]$ sqlplus appspdb1/appspdb1@PD1

SQL*Plus: Release 19.0.0.0.0 - Production on Thu May 4 10:17:21 2023
Version 19.3.0.0.0

Copyright (c) 1982, 2019, Oracle.  All rights reserved.

ERROR:
ORA-12541: TNS:no listener


Enter user-name: ^C^[[A
[oracle@oraclelab1 admin]$
[oracle@oraclelab1 admin]$
[oracle@oraclelab1 admin]$ sqlplus appspdb1/appspdb1@PDB1

SQL*Plus: Release 19.0.0.0.0 - Production on Thu May 4 10:17:32 2023
Version 19.3.0.0.0

Copyright (c) 1982, 2019, Oracle.  All rights reserved.


Connected to:
Oracle Database 19c Enterprise Edition Release 19.0.0.0.0 - Production
Version 19.3.0.0.0

SQL> exit
Disconnected from Oracle Database 19c Enterprise Edition Release 19.0.0.0.0 - Production
Version 19.3.0.0.0
^[[A[oracle@oraclelab1 admin]$ sqlplus appspdb3/appspdb3@PDB3

SQL*Plus: Release 19.0.0.0.0 - Production on Thu May 4 10:17:58 2023
Version 19.3.0.0.0

Copyright (c) 1982, 2019, Oracle.  All rights reserved.

Last Successful login time: Thu May 04 2023 09:57:18 +05:30

Connected to:
Oracle Database 19c Enterprise Edition Release 19.0.0.0.0 - Production
Version 19.3.0.0.0

SQL> exit
Disconnected from Oracle Database 19c Enterprise Edition Release 19.0.0.0.0 - Production
Version 19.3.0.0.0
[oracle@oraclelab1 admin]$ sqlplus appspdb1/appspdb1@PD1^C
[oracle@oraclelab1 admin]$
[oracle@oraclelab1 admin]$
[oracle@oraclelab1 admin]$ sqlplus / as ssydba

SQL*Plus: Release 19.0.0.0.0 - Production
Version 19.3.0.0.0

Copyright (c) 1982, 2019, Oracle.  All rights reserved.

Use SQL*Plus to execute SQL, PL/SQL and SQL*Plus statements.

Usage 1: sqlplus -H | -V

    -H             Displays the SQL*Plus version and the
                   usage help.
    -V             Displays the SQL*Plus version.

Usage 2: sqlplus [ [<option>] [{logon | /nolog}] [<start>] ]

  <option> is: [-AC] [-C <version>] [-F] [-L] [-M "<options>"] [-NOLOGINTIME]
               [-R <level>] [-S]

    -AC            Enable Application Continuity.
    -C <version>   Sets the compatibility of affected commands to the
                   version specified by <version>.  The version has
                   the form "x.y[.z]".  For example, -C 10.2.0
    -F             This option improves performance in general. It changes
                   the default values settings.
                   See SQL*Plus User's Guide for the detailed settings.
    -L             Attempts to log on just once, instead of
                   reprompting on error.
    -M "<options>" Sets automatic HTML or CSV markup of output.  The options
                   have the form:
                   {HTML html_options|CSV csv_options}
                   See SQL*Plus User's Guide for detailed HTML and CSV options.
    -NOLOGINTIME   Don't display Last Successful Login Time.
    -R <level>     Sets restricted mode to disable SQL*Plus commands
                   that interact with the file system.  The level can
                   be 1, 2 or 3.  The most restrictive is -R 3 which
                   disables all user commands interacting with the
                   file system.
    -S             Sets silent mode which suppresses the display of
                   the SQL*Plus banner, prompts, and echoing of
                   commands.

  <logon> is: {<username>[/<password>][@<connect_identifier>] | / }
              [AS {SYSDBA | SYSOPER | SYSASM | SYSBACKUP | SYSDG
              | SYSKM | SYSRAC}] [EDITION=value]

    Specifies the database account username, password and connect
    identifier for the database connection.  Without a connect
    identifier, SQL*Plus connects to the default database.

    The AS SYSDBA, AS SYSOPER, AS SYSASM, AS SYSBACKUP, AS SYSDG,
    AS SYSKM and AS SYSRAC options are database administration privileges.

    <connect_identifier> can be in the form of Net Service Name
    or Easy Connect.

      @[<net_service_name> | [[//]Host[:Port]/<service_name>] |
        [[[protocol:]//]host1{,host12}[:port1]{,host2:port2}[/service_name]
         [:server][/instance_name][?[parameter_name=value]
         {&parameter_name=value}]]]

        <net_service_name> is a simple name for a service that resolves
        to a connect descriptor.

        Example: Connect to database using Net Service Name and the
                 database net service name is ORCL.

           sqlplus myusername/mypassword@ORCL

        Host specifies the host name or IP address of the database
        server computer.

        Port specifies the listening port on the database server.

        <service_name> specifies the service name of the database you
        want to access.

        Example: Connect to database using Easy Connect and the
                 Service name is ORCL.

           sqlplus myusername/mypassword@Host/ORCL

    The /NOLOG option starts SQL*Plus without connecting to a
    database.

    The EDITION specifies the value for Session Edition.


  <start> is: @<URL>|<filename>[.<ext>] [<parameter> ...]

    Runs the specified SQL*Plus script from a web server (URL) or the
    local file system (filename.ext) with specified parameters that
    will be assigned to substitution variables in the script.

When SQL*Plus starts, and after CONNECT commands, the site profile
(e.g. $ORACLE_HOME/sqlplus/admin/glogin.sql) and the user profile
(e.g. login.sql in the working directory) are run.  The files may
contain SQL*Plus commands.

Refer to the SQL*Plus User's Guide and Reference for more information.
[oracle@oraclelab1 admin]$ sqlplus / as sysdba

SQL*Plus: Release 19.0.0.0.0 - Production on Thu May 4 10:20:31 2023
Version 19.3.0.0.0

Copyright (c) 1982, 2019, Oracle.  All rights reserved.


Connected to:
Oracle Database 19c Enterprise Edition Release 19.0.0.0.0 - Production
Version 19.3.0.0.0

SQL> show pdbs

    CON_ID CON_NAME                       OPEN MODE  RESTRICTED
---------- ------------------------------ ---------- ----------
         2 PDB$SEED                       READ ONLY  NO
         3 PDB1                           READ WRITE NO
         4 PDB2                           MOUNTED
         5 PDB3                           READ WRITE NO
SQL> alter session set container=PDB1;

Session altered.

SQL> show pdbs

    CON_ID CON_NAME                       OPEN MODE  RESTRICTED
---------- ------------------------------ ---------- ----------
         3 PDB1                           READ WRITE NO
SQL> desc dba_data_files;
 Name                                      Null?    Type
 ----------------------------------------- -------- ----------------------------
 FILE_NAME                                          VARCHAR2(513)
 FILE_ID                                            NUMBER
 TABLESPACE_NAME                                    VARCHAR2(30)
 BYTES                                              NUMBER
 BLOCKS                                             NUMBER
 STATUS                                             VARCHAR2(9)
 RELATIVE_FNO                                       NUMBER
 AUTOEXTENSIBLE                                     VARCHAR2(3)
 MAXBYTES                                           NUMBER
 MAXBLOCKS                                          NUMBER
 INCREMENT_BY                                       NUMBER
 USER_BYTES                                         NUMBER
 USER_BLOCKS                                        NUMBER
 ONLINE_STATUS                                      VARCHAR2(7)
 LOST_WRITE_PROTECT                                 VARCHAR2(7)

SQL> select FILE_NAME from dba_data_files;

FILE_NAME
--------------------------------------------------------------------------------
/u01/app/oracle/oradata/DEVCDB/FAC2DCD2654E7D41E053B404260AFFB0/datafile/o1_mf_u
ndotbs1_l53p3j61_.dbf

/u01/app/oracle/oradata/DEVCDB/FAC2DCD2654E7D41E053B404260AFFB0/datafile/o1_mf_s
ysaux_l53p3j60_.dbf

/u01/app/oracle/oradata/DEVCDB/FAC2DCD2654E7D41E053B404260AFFB0/datafile/o1_mf_s
ystem_l53p3j5s_.dbf

/u01/app/oracle/oradata/DEVCDB/FAC2DCD2654E7D41E053B404260AFFB0/datafile/o1_mf_u
sers_l53p3rsw_.dbf

FILE_NAME
--------------------------------------------------------------------------------


SQL> desc dba_tablespaces;
 Name                                      Null?    Type
 ----------------------------------------- -------- ----------------------------
 TABLESPACE_NAME                           NOT NULL VARCHAR2(30)
 BLOCK_SIZE                                NOT NULL NUMBER
 INITIAL_EXTENT                                     NUMBER
 NEXT_EXTENT                                        NUMBER
 MIN_EXTENTS                               NOT NULL NUMBER
 MAX_EXTENTS                                        NUMBER
 MAX_SIZE                                           NUMBER
 PCT_INCREASE                                       NUMBER
 MIN_EXTLEN                                         NUMBER
 STATUS                                             VARCHAR2(9)
 CONTENTS                                           VARCHAR2(21)
 LOGGING                                            VARCHAR2(9)
 FORCE_LOGGING                                      VARCHAR2(3)
 EXTENT_MANAGEMENT                                  VARCHAR2(10)
 ALLOCATION_TYPE                                    VARCHAR2(9)
 PLUGGED_IN                                         VARCHAR2(3)
 SEGMENT_SPACE_MANAGEMENT                           VARCHAR2(6)
 DEF_TAB_COMPRESSION                                VARCHAR2(8)
 RETENTION                                          VARCHAR2(11)
 BIGFILE                                            VARCHAR2(3)
 PREDICATE_EVALUATION                               VARCHAR2(7)
 ENCRYPTED                                          VARCHAR2(3)
 COMPRESS_FOR                                       VARCHAR2(30)
 DEF_INMEMORY                                       VARCHAR2(8)
 DEF_INMEMORY_PRIORITY                              VARCHAR2(8)
 DEF_INMEMORY_DISTRIBUTE                            VARCHAR2(15)
 DEF_INMEMORY_COMPRESSION                           VARCHAR2(17)
 DEF_INMEMORY_DUPLICATE                             VARCHAR2(13)
 SHARED                                             VARCHAR2(13)
 DEF_INDEX_COMPRESSION                              VARCHAR2(8)
 INDEX_COMPRESS_FOR                                 VARCHAR2(13)
 DEF_CELLMEMORY                                     VARCHAR2(14)
 DEF_INMEMORY_SERVICE                               VARCHAR2(12)
 DEF_INMEMORY_SERVICE_NAME                          VARCHAR2(1000)
 LOST_WRITE_PROTECT                                 VARCHAR2(7)
 CHUNK_TABLESPACE                                   VARCHAR2(1)

SQL> select TABLESPACE_NAME from dba_tablespaces;

TABLESPACE_NAME
------------------------------
SYSTEM
SYSAUX
UNDOTBS1
TEMP
USERS

SQL> ^C

SQL>
SQL>
SQL> show pdbs

    CON_ID CON_NAME                       OPEN MODE  RESTRICTED
---------- ------------------------------ ---------- ----------
         3 PDB1                           READ WRITE NO
SQL> select name from v$controlfile;

NAME
--------------------------------------------------------------------------------
/u01/app/oracle/oradata/DEVCDB/controlfile/o1_mf_l53oc7sr_.ctl
/u01/app/oracle/fast_recovery_area/DEVCDB/controlfile/o1_mf_l53oc7vx_.ctl

SQL> select member from v$logfile;

MEMBER
--------------------------------------------------------------------------------
/u01/app/oracle/oradata/DEVCDB/onlinelog/o1_mf_3_l53ocb9c_.log
/u01/app/oracle/fast_recovery_area/DEVCDB/onlinelog/o1_mf_3_l53occ5b_.log
/u01/app/oracle/oradata/DEVCDB/onlinelog/o1_mf_2_l53ocb7x_.log
/u01/app/oracle/fast_recovery_area/DEVCDB/onlinelog/o1_mf_2_l53occ9q_.log
/u01/app/oracle/oradata/DEVCDB/onlinelog/o1_mf_1_l53ocb60_.log
/u01/app/oracle/fast_recovery_area/DEVCDB/onlinelog/o1_mf_1_l53occ5p_.log

6 rows selected.

SQL> show pdbs

    CON_ID CON_NAME                       OPEN MODE  RESTRICTED
---------- ------------------------------ ---------- ----------
         3 PDB1                           READ WRITE NO
SQL> show parameter spfile

NAME                                 TYPE        VALUE
------------------------------------ ----------- ------------------------------
spfile                               string      /u01/app/oracle/product/19.0.0
                                                 .0/dbhome_1/dbs/spfileDEVCDB.o
                                                 ra
SQL> archive log list
Database log mode              Archive Mode
Automatic archival             Enabled
Archive destination            USE_DB_RECOVERY_FILE_DEST
Oldest online log sequence     8
Next log sequence to archive   10
Current log sequence           10
SQL> select FILE_NAME from dba_data_files;


FILE_NAME
--------------------------------------------------------------------------------
/u01/app/oracle/oradata/DEVCDB/FAC2DCD2654E7D41E053B404260AFFB0/datafile/o1_mf_u
ndotbs1_l53p3j61_.dbf

/u01/app/oracle/oradata/DEVCDB/FAC2DCD2654E7D41E053B404260AFFB0/datafile/o1_mf_s
ysaux_l53p3j60_.dbf

/u01/app/oracle/oradata/DEVCDB/FAC2DCD2654E7D41E053B404260AFFB0/datafile/o1_mf_s
ystem_l53p3j5s_.dbf

/u01/app/oracle/oradata/DEVCDB/FAC2DCD2654E7D41E053B404260AFFB0/datafile/o1_mf_u
sers_l53p3rsw_.dbf

FILE_NAME
--------------------------------------------------------------------------------


SQL> SQL> exit
Disconnected from Oracle Database 19c Enterprise Edition Release 19.0.0.0.0 - Production
Version 19.3.0.0.0


You have mail in /var/spool/mail/oracle
[oracle@oraclelab1 admin]$
[oracle@oraclelab1 admin]$
[oracle@oraclelab1 admin]$ cd ../../dbs
[oracle@oraclelab1 dbs]$ pwd
/u01/app/oracle/product/19.0.0.0/dbhome_1/dbs
[oracle@oraclelab1 dbs]$ ls -ltr *spfileDEVCDB*
-rw-r-----. 1 oracle oinstall 3584 May  3 09:13 spfileDEVCDB.ora
[oracle@oraclelab1 dbs]$ ll *PDB*
ls: cannot access *PDB*: No such file or directory
[oracle@oraclelab1 dbs]$
[oracle@oraclelab1 dbs]$
[oracle@oraclelab1 dbs]$ ll orawdDEVCDB
ls: cannot access orawdDEVCDB: No such file or directory
[oracle@oraclelab1 dbs]$ ll orapwDEVCDB
-rw-r-----. 1 oracle oinstall 2560 May  3 10:47 orapwDEVCDB
[oracle@oraclelab1 dbs]$ ll orapwPDB1
ls: cannot access orapwPDB1: No such file or directory
[oracle@oraclelab1 dbs]$ ll orapwPDB2
ls: cannot access orapwPDB2: No such file or directory
[oracle@oraclelab1 dbs]$
[oracle@oraclelab1 dbs]$
[oracle@oraclelab1 dbs]$ . oraenv
ORACLE_SID = [DEVCDB] ? DEVCDB
The Oracle base remains unchanged with value /u01/app/oracle
[oracle@oraclelab1 dbs]$
[oracle@oraclelab1 dbs]$ sqlplus / as sysdba

SQL*Plus: Release 19.0.0.0.0 - Production on Thu May 4 10:38:02 2023
Version 19.3.0.0.0

Copyright (c) 1982, 2019, Oracle.  All rights reserved.


Connected to:
Oracle Database 19c Enterprise Edition Release 19.0.0.0.0 - Production
Version 19.3.0.0.0

SQL> show pdbs

    CON_ID CON_NAME                       OPEN MODE  RESTRICTED
---------- ------------------------------ ---------- ----------
         2 PDB$SEED                       READ ONLY  NO
         3 PDB1                           READ WRITE NO
         4 PDB2                           MOUNTED
         5 PDB3                           READ WRITE NO
SQL> alter session set container=PDB1;

Session altered.

SQL> show pdbs

    CON_ID CON_NAME                       OPEN MODE  RESTRICTED
---------- ------------------------------ ---------- ----------
         3 PDB1                           READ WRITE NO
SQL> exit
Disconnected from Oracle Database 19c Enterprise Edition Release 19.0.0.0.0 - Production
Version 19.3.0.0.0
[oracle@oraclelab1 dbs]$
[oracle@oraclelab1 dbs]$
[oracle@oraclelab1 dbs]$ env |grep oRA
[oracle@oraclelab1 dbs]$ env |grep ORA
ORACLE_SID=DEVCDB
ORACLE_BASE=/u01/app/oracle
ORACLE_HOME=/u01/app/oracle/product/19.0.0.0/dbhome_1
[oracle@oraclelab1 dbs]$ export ORACLE_PDB_SID=PDB1
[oracle@oraclelab1 dbs]$
[oracle@oraclelab1 dbs]$
[oracle@oraclelab1 dbs]$ env |grep ORA
ORACLE_PDB_SID=PDB1
ORACLE_SID=DEVCDB
ORACLE_BASE=/u01/app/oracle
ORACLE_HOME=/u01/app/oracle/product/19.0.0.0/dbhome_1
[oracle@oraclelab1 dbs]$ sqlplus / as sysdba

SQL*Plus: Release 19.0.0.0.0 - Production on Thu May 4 10:40:27 2023
Version 19.3.0.0.0

Copyright (c) 1982, 2019, Oracle.  All rights reserved.


Connected to:
Oracle Database 19c Enterprise Edition Release 19.0.0.0.0 - Production
Version 19.3.0.0.0

SQL> show pdbs

    CON_ID CON_NAME                       OPEN MODE  RESTRICTED
---------- ------------------------------ ---------- ----------
         3 PDB1                           READ WRITE NO
SQL> exit
Disconnected from Oracle Database 19c Enterprise Edition Release 19.0.0.0.0 - Production
Version 19.3.0.0.0
[oracle@oraclelab1 dbs]$
[oracle@oraclelab1 dbs]$
[oracle@oraclelab1 dbs]$
[oracle@oraclelab1 dbs]$
[oracle@oraclelab1 dbs]$ env |grep ORA
ORACLE_PDB_SID=PDB1
ORACLE_SID=DEVCDB
ORACLE_BASE=/u01/app/oracle
ORACLE_HOME=/u01/app/oracle/product/19.0.0.0/dbhome_1
[oracle@oraclelab1 dbs]$ sqlplus / as sysdba

SQL*Plus: Release 19.0.0.0.0 - Production on Thu May 4 10:41:30 2023
Version 19.3.0.0.0

Copyright (c) 1982, 2019, Oracle.  All rights reserved.


Connected to:
Oracle Database 19c Enterprise Edition Release 19.0.0.0.0 - Production
Version 19.3.0.0.0

SQL> exit
Disconnected from Oracle Database 19c Enterprise Edition Release 19.0.0.0.0 - Production
Version 19.3.0.0.0
[oracle@oraclelab1 dbs]$
[oracle@oraclelab1 dbs]$
[oracle@oraclelab1 dbs]$ . oraenv
ORACLE_SID = [DEVCDB] ? DEVCDB
The Oracle base remains unchanged with value /u01/app/oracle
[oracle@oraclelab1 dbs]$
[oracle@oraclelab1 dbs]$
[oracle@oraclelab1 dbs]$ env |grep ORA
ORACLE_PDB_SID=PDB1
ORACLE_SID=DEVCDB
ORACLE_BASE=/u01/app/oracle
ORACLE_HOME=/u01/app/oracle/product/19.0.0.0/dbhome_1
[oracle@oraclelab1 dbs]$ unset ORACLE_PDB_SID
[oracle@oraclelab1 dbs]$
[oracle@oraclelab1 dbs]$
[oracle@oraclelab1 dbs]$ env |grep ORA
ORACLE_SID=DEVCDB
ORACLE_BASE=/u01/app/oracle
ORACLE_HOME=/u01/app/oracle/product/19.0.0.0/dbhome_1
[oracle@oraclelab1 dbs]$ export ORACLE_PDB_SID=PDB1
[oracle@oraclelab1 dbs]$
[oracle@oraclelab1 dbs]$
[oracle@oraclelab1 dbs]$ env |grep ORA
ORACLE_PDB_SID=PDB1
ORACLE_SID=DEVCDB
ORACLE_BASE=/u01/app/oracle
ORACLE_HOME=/u01/app/oracle/product/19.0.0.0/dbhome_1
[oracle@oraclelab1 dbs]$ unset ORACLE_PDB_SID
[oracle@oraclelab1 dbs]$
[oracle@oraclelab1 dbs]$ env |grep ORA
ORACLE_SID=DEVCDB
ORACLE_BASE=/u01/app/oracle
ORACLE_HOME=/u01/app/oracle/product/19.0.0.0/dbhome_1
[oracle@oraclelab1 dbs]$
[oracle@oraclelab1 dbs]$
[oracle@oraclelab1 dbs]$
[oracle@oraclelab1 dbs]$ ps -ef|grep smon
oracle    5464     1  0 May03 ?        00:00:01 ora_smon_TESTCDB
oracle    8317  3786  0 10:43 pts/3    00:00:00 grep --color=auto smon
oracle   11493     1  0 Apr27 ?        00:00:08 ora_smon_DEVDB
oracle   31995     1  0 May03 ?        00:00:01 ora_smon_DEVCDB
[oracle@oraclelab1 dbs]$
[oracle@oraclelab1 dbs]$
[oracle@oraclelab1 dbs]$
[oracle@oraclelab1 dbs]$
[oracle@oraclelab1 dbs]$
[oracle@oraclelab1 dbs]$
[oracle@oraclelab1 dbs]$
[oracle@oraclelab1 dbs]$
[oracle@oraclelab1 dbs]$
[oracle@oraclelab1 dbs]$ exit
logout
[root@oraclelab1 ~]#
[root@oraclelab1 ~]#
[root@oraclelab1 ~]#
[root@oraclelab1 ~]# su - oracle
Last login: Thu May  4 09:41:58 IST 2023 on pts/3
[oracle@oraclelab1 ~]$
[oracle@oraclelab1 ~]$
[oracle@oraclelab1 ~]$ env |grep ORA
[oracle@oraclelab1 ~]$ ps -ef|grep smon
oracle    5464     1  0 May03 ?        00:00:01 ora_smon_TESTCDB
oracle    8593  8518  0 10:46 pts/3    00:00:00 grep --color=auto smon
oracle   11493     1  0 Apr27 ?        00:00:08 ora_smon_DEVDB
oracle   31995     1  0 May03 ?        00:00:01 ora_smon_DEVCDB
[oracle@oraclelab1 ~]$
[oracle@oraclelab1 ~]$ . oraenv
ORACLE_SID = [oracle] ? DEVDB
The Oracle base has been set to /u01/app/oracle
[oracle@oraclelab1 ~]$
[oracle@oraclelab1 ~]$ env |grep ORA
ORACLE_SID=DEVDB
ORACLE_BASE=/u01/app/oracle
ORACLE_HOME=/u01/app/oracle/product/19.0.0.0/dbhome_1
[oracle@oraclelab1 ~]$
[oracle@oraclelab1 ~]$ env |grep PATH
LD_LIBRARY_PATH=/u01/app/oracle/product/19.0.0.0/dbhome_1/lib
PATH=/usr/local/bin:/bin:/usr/bin:/usr/local/sbin:/usr/sbin:/home/oracle/.local/bin:/home/oracle/t/19.0.0.0/dbhome_1/bin
[oracle@oraclelab1 ~]$ exit
logout
[root@oraclelab1 ~]#
[root@oraclelab1 ~]#
[root@oraclelab1 ~]# su - oracle
Last login: Thu May  4 10:46:16 IST 2023 on pts/3
[oracle@oraclelab1 ~]$
[oracle@oraclelab1 ~]$
[oracle@oraclelab1 ~]$ env |grep ORA
[oracle@oraclelab1 ~]$ env |grep PATH
PATH=/usr/local/bin:/bin:/usr/bin:/usr/local/sbin:/usr/sbin:/home/oracle/.local/bin:/home/oracle/
[oracle@oraclelab1 ~]$
[oracle@oraclelab1 ~]$
[oracle@oraclelab1 ~]$ export ORACLE_SID=DEVDB
[oracle@oraclelab1 ~]$ export ORACLE_BASE=/u01/app/oracle
[oracle@oraclelab1 ~]$ export ORACLE_HOME=/u01/app/oracle/product/19.0.0.0/dbhome_1
[oracle@oraclelab1 ~]$ export LD_LIBRARY_PATH=/u01/app/oracle/product/19.0.0.0/dbhome_1/lib
[oracle@oraclelab1 ~]$ export PATH=$PATH:/u01/app/oracle/product/19.0.0.0/dbhome_1/bin
[oracle@oraclelab1 ~]$
[oracle@oraclelab1 ~]$
[oracle@oraclelab1 ~]$ env |grep ORA
ORACLE_SID=DEVDB
ORACLE_BASE=/u01/app/oracle
ORACLE_HOME=/u01/app/oracle/product/19.0.0.0/dbhome_1
[oracle@oraclelab1 ~]$ env |grep PATH
LD_LIBRARY_PATH=/u01/app/oracle/product/19.0.0.0/dbhome_1/lib
PATH=/usr/local/bin:/bin:/usr/bin:/usr/local/sbin:/usr/sbin:/home/oracle/.local/bin:/home/oracle/t/19.0.0.0/dbhome_1/bin
[oracle@oraclelab1 ~]$ sqlplus / as sysdba

SQL*Plus: Release 19.0.0.0.0 - Production on Thu May 4 10:50:39 2023
Version 19.3.0.0.0

Copyright (c) 1982, 2019, Oracle.  All rights reserved.


Connected to:
Oracle Database 19c Enterprise Edition Release 19.0.0.0.0 - Production
Version 19.3.0.0.0

SQL> exit
Disconnected from Oracle Database 19c Enterprise Edition Release 19.0.0.0.0 - Production
Version 19.3.0.0.0
[oracle@oraclelab1 ~]$ exit
logout
[root@oraclelab1 ~]#
[root@oraclelab1 ~]# su - oracle
Last login: Thu May  4 10:48:51 IST 2023 on pts/3
[oracle@oraclelab1 ~]$ . oraenv
ORACLE_SID = [oracle] ? DEVDB
The Oracle base has been set to /u01/app/oracle
[oracle@oraclelab1 ~]$
[oracle@oraclelab1 ~]$ sqlplus / as sysdba

SQL*Plus: Release 19.0.0.0.0 - Production on Thu May 4 10:51:01 2023
Version 19.3.0.0.0

Copyright (c) 1982, 2019, Oracle.  All rights reserved.


Connected to:
Oracle Database 19c Enterprise Edition Release 19.0.0.0.0 - Production
Version 19.3.0.0.0

SQL> exit
Disconnected from Oracle Database 19c Enterprise Edition Release 19.0.0.0.0 - Production
Version 19.3.0.0.0
[oracle@oraclelab1 ~]$
[oracle@oraclelab1 ~]$
[oracle@oraclelab1 ~]$ pwd
/home/oracle
[oracle@oraclelab1 ~]$ ls -ltr .bash_profile
-rw-r--r--. 1 oracle oinstall 353 Feb 18 21:36 .bash_profile
[oracle@oraclelab1 ~]$ vi .bash_profile
[oracle@oraclelab1 ~]$
[oracle@oraclelab1 ~]$
[oracle@oraclelab1 ~]$ exit
logout
[root@oraclelab1 ~]#
[root@oraclelab1 ~]# su - oracle
Last login: Thu May  4 10:50:50 IST 2023 on pts/3
[oracle@oraclelab1 ~]$ env |grep ORA
ORACLE_SID=DEVDB
ORACLE_BASE=/u01/app/oracle
ORACLE_HOME=/u01/app/oracle/product/19.0.0.0/dbhome_1
[oracle@oraclelab1 ~]$
[oracle@oraclelab1 ~]$ env |grep PATH
LD_LIBRARY_PATH=/u01/app/oracle/product/19.0.0.0/dbhome_1/lib
PATH=/usr/local/bin:/bin:/usr/bin:/usr/local/sbin:/usr/sbin:/home/oracle/.local/bin:/home/oracle/t/19.0.0.0/dbhome_1/bin
[oracle@oraclelab1 ~]$ ps -ef|grep smon
oracle    5464     1  0 May03 ?        00:00:01 ora_smon_TESTCDB
oracle    9214  9115  0 10:53 pts/3    00:00:00 grep --color=auto smon
oracle   11493     1  0 Apr27 ?        00:00:08 ora_smon_DEVDB
oracle   31995     1  0 May03 ?        00:00:01 ora_smon_DEVCDB
[oracle@oraclelab1 ~]$ . oraenv
ORACLE_SID = [DEVDB] ? TESTCDB
The Oracle base remains unchanged with value /u01/app/oracle
[oracle@oraclelab1 ~]$
[oracle@oraclelab1 ~]$
[oracle@oraclelab1 ~]$
Network error: Software caused connection                                                        abort

──────────────────────────────────────────

Session stopped
    - Press <return> to exit tab
    - Press R to restart session
    - Press S to save terminal output to f                                                       ile


[root@oraclelab2 ~]# clear
[root@oraclelab2 ~]# ps -ef|grep smon
oracle    2967     1  0 May02 ?        00:00:02 asm_smon_+ASM
oracle    4084     1  0 May02 ?        00:00:02 ora_smon_TESTDB
root     26128 26055  0 09:29 pts/0    00:00:00 grep --color=auto smon
[root@oraclelab2 ~]# ps -ef|grep smon
oracle    2967     1  0 May02 ?        00:00:02 asm_smon_+ASM
oracle    4084     1  0 May02 ?        00:00:02 ora_smon_TESTDB
root     29945 26055  0 10:27 pts/0    00:00:00 grep --color=auto smon
[root@oraclelab2 ~]#
Network error: Software caused connection abort

─────────────────────────────────────────────────────────────────────────────────────────────────────────────

Session stopped
    - Press <return> to exit tab
    - Press R to restart session
    - Press S to save terminal output to file



