Demo_1:
=======
1. Introduction
2. Course Curriculam 
3. Course Duration, Timings & Fees 

4. Database Connectivity 
5. DB Architecture 
6. Administration 


Types:
======
Oracle Standalone Database - Withou ASM 
Oracle Restart Database - With ASM 

Oracle RAC Database
Oracle RAC one-node Database






1. Connect from DC

2. Take remote session of server (oraclelab1) and work --- 
linux - putty mobaxterm 
windows - rdp

Oracle Database - DB2/DEVDB/PRODB
create oracle user - OS user 

All DBA - have our own OS users 

Oracle User  - OS user - We create all DBs 

Apps/Dev/Testing users to connect to DB - they should know 
user name & password inside DB - apps/apps
DBname/service name - DB2
Server where DB is running - oraclelab1/10.38.4.180
port on which DB is running - 1521
protocol on which db is running - TCP 

tnsname.ora 
DBname/service name - DB2
Server where DB is running - oraclelab1/10.38.4.180
port on which DB is running - 1521
protocol on which db is running - TCP




oraclelab1 - 10.38.4.180 - OEL 7.9 >>> DB2/DEVDB/PRODB/TESTDB

Oracle Database server = Linux + DB 

Demo_2:
========
7. DB Maintaince 
8. Types Databases
9. Startup and Shutdown 
10. Physical & Logical Arch


Course Curriculam:
https://mallik034.blogspot.com/p/database-training.html

Upcoming-Batch-Schedule
https://mallik034.blogspot.com/p/upcoming-batch-schedule.html

Oracle Course Registration
https://docs.google.com/forms/d/e/1FAIpQLSdlMDYK3X08nLeWQdkJ3jllpukpDZqMXMc1crUByTyG2Ssygw/viewform

Contact:
WhatsApp: +91 9880616848
Email: mallikarjun.ramadurg@gmail.com


Pre-Requisite
Min 8GB RAM & 100 GB SSD Hard disk




DBA-Batch-13-Apr-2023
=====================

Database-Course-Material:
https://drive.google.com/drive/folders/1muEFjzR7eVfUEcZLecLY7a_vL9_9tc3R?usp=sharing

Other-Information:
https://drive.google.com/drive/folders/1mh5j3hBMad0cCpV7mhph2mmyAGYfwx3U?usp=sharing

DBA-Batch-13-Apr-2023 - Recording
https://drive.google.com/drive/folders/1-BrDmaKM-tnodyA_Tb3CeLbN3rGM34l7?usp=sharing



[root@oraclelab1 ~]# clear
[root@oraclelab1 ~]# ps -ef|grep smon
oracle   21815     1  0 Mar22 ?        00:00:31 ora_smon_DB2
root     23530 23128  0 08:41 pts/0    00:00:00 grep --color=auto smon
[root@oraclelab1 ~]# id mallik
uid=1000(mallik) gid=1000(mallik) groups=1000(mallik)
[root@oraclelab1 ~]# useradd john
[root@oraclelab1 ~]# passwd john
Changing password for user john.
New password:
Retype new password:
passwd: all authentication tokens updated successfully.
[root@oraclelab1 ~]#
Network error: Software caused connection abort

──────────────────────────────────────────────────────────────────────────

Session stopped
    - Press <return> to exit tab
    - Press R to restart session
    - Press S to save terminal output to file



login as: mallik
mallik@10.38.4.180's password:
Access denied
mallik@10.38.4.180's password:
    ┌──────────────────────────────────────────────────────────────────────┐
    │                 • MobaXterm Personal Edition v21.2 •                 │
    │               (SSH client, X server and network tools)               │
    │                                                                      │
    │ ➤ SSH session to mallik@10.38.4.180                                  │
    │   • Direct SSH      :  ✔                                             │
    │   • SSH compression :  ✔                                             │
    │   • SSH-browser     :  ✔                                             │
    │   • X11-forwarding  :  ✔  (remote display is forwarded through SSH)  │
    │                                                                      │
    │ ➤ For more info, ctrl+click on help or visit our website.            │
    └──────────────────────────────────────────────────────────────────────┘

Last failed login: Thu Apr 13 09:59:02 IST 2023 from 172.29.0.102 on ssh:notty
There was 1 failed login attempt since the last successful login.
Last login: Fri Feb  3 09:21:23 2023 from 172.29.48.23
-bash-4.2$ id
uid=1000(mallik) gid=1000(mallik) groups=1000(mallik) context=unconfined_u:unconfined_r:
-bash-4.2$ bash
bash-4.2$
bash-4.2$
bash-4.2$ su - oracle
Password:
Last login: Thu Apr 13 00:24:27 IST 2023 on pts/0
[oracle@oraclelab1 ~]$ ps -ef|grpe smon
bash: grpe: command not found...
Similar command is: 'grep'
[oracle@oraclelab1 ~]$ ps -ef|grep smon
oracle   21815     1  0 Mar22 ?        00:00:31 ora_smon_DB2
oracle   28552 28497  0 10:02 pts/1    00:00:00 grep --color=auto smon
[oracle@oraclelab1 ~]$ . oraenv
ORACLE_SID = [oracle] ? DB2
The Oracle base has been set to /u01/app/oracle
[oracle@oraclelab1 ~]$ sqlplus / as sysdba

SQL*Plus: Release 19.0.0.0.0 - Production on Thu Apr 13 10:06:38 2023
Version 19.3.0.0.0

Copyright (c) 1982, 2019, Oracle.  All rights reserved.


Connected to:
Oracle Database 19c Enterprise Edition Release 19.0.0.0.0 - Production
Version 19.3.0.0.0

SQL> select name from v$database;

NAME
---------
DB2

SQL> create user apps identified by apps;

User created.

SQL> grant create session to apps;

Grant succeeded.

SQL> exit
Disconnected from Oracle Database 19c Enterprise Edition Release 19.0.0.0.0 - Production
Version 19.3.0.0.0



[oracle@oraclelab1 ~]$
[oracle@oraclelab1 ~]$
[oracle@oraclelab1 ~]$
[oracle@oraclelab1 ~]$
[oracle@oraclelab1 ~]$ ps -ef|grel LISTENER
bash: grel: command not found...
[oracle@oraclelab1 ~]$ ps -ef|grep LISTENER
oracle   26049     1  0 00:30 ?        00:00:00 /u01/app/oracle/product/19.0.0.0/dbhome_
oracle   29621 28497  0 10:18 pts/1    00:00:00 grep --color=auto LISTENER
[oracle@oraclelab1 ~]$ lsnrctl status LISTENER

LSNRCTL for Linux: Version 19.0.0.0.0 - Production on 13-APR-2023 10:18:42

Copyright (c) 1991, 2019, Oracle.  All rights reserved.

Connecting to (DESCRIPTION=(ADDRESS=(PROTOCOL=TCP)(HOST=oraclelab1.localdomain.com)(PORT
STATUS of the LISTENER
------------------------
Alias                     LISTENER
Version                   TNSLSNR for Linux: Version 19.0.0.0.0 - Production
Start Date                13-APR-2023 00:30:01
Uptime                    0 days 9 hr. 48 min. 41 sec
Trace Level               off
Security                  ON: Local OS Authentication
SNMP                      OFF
Listener Parameter File   /u01/app/oracle/product/19.0.0.0/dbhome_1/network/admin/listen
Listener Log File         /u01/app/oracle/diag/tnslsnr/oraclelab1/listener/alert/log.xml
Listening Endpoints Summary...
  (DESCRIPTION=(ADDRESS=(PROTOCOL=tcp)(HOST=oraclelab1.localdomain.com)(PORT=1521)))
Services Summary...
Service "DB2" has 1 instance(s).
  Instance "DB2", status READY, has 1 handler(s) for this service...
Service "DB2XDB" has 1 instance(s).
  Instance "DB2", status READY, has 1 handler(s) for this service...
The command completed successfully
[oracle@oraclelab1 ~]$ cat /u01/app/oracle/product/19.0.0.0/dbhome_1/network/admin/liste
# listener.ora Network Configuration File: /u01/app/oracle/product/19.0.0.0/dbhome_1/net
# Generated by Oracle configuration tools.
LISTENER =
  (DESCRIPTION_LIST =
    (DESCRIPTION =
      (ADDRESS = (PROTOCOL = TCP)(HOST = oraclelab1.localdomain.com)(PORT = 1521))
    )
  )

ADR_BASE_LISTENER = /u01/app/oracle
[oracle@oraclelab1 ~]$
Network error: Software caused connection abort

────────────────────────────────────────────────────────────────────────────────────────

Session stopped
    - Press <return> to exit tab
    - Press R to restart session
    - Press S to save terminal output to file


login as: john
john@10.38.4.180's password:
    ┌──────────────────────────────────────────────────────────────────────┐
    │                 • MobaXterm Personal Edition v21.2 •                 │
    │               (SSH client, X server and network tools)               │
    │                                                                      │
    │ ➤ SSH session to john@10.38.4.180                                    │
    │   • Direct SSH      :  ✔                                             │
    │   • SSH compression :  ✔                                             │
    │   • SSH-browser     :  ✔                                             │
    │   • X11-forwarding  :  ✔  (remote display is forwarded through SSH)  │
    │                                                                      │
    │ ➤ For more info, ctrl+click on help or visit our website.            │
    └──────────────────────────────────────────────────────────────────────┘

/usr/bin/xauth:  file /home/john/.Xauthority does not exist
[john@oraclelab1 ~]$ ps -ef|grep smon
oracle   21815     1  0 Mar22 ?        00:00:31 ora_smon_DB2
john     28694 28305  0 10:04 pts/3    00:00:00 grep --color=auto smon
[john@oraclelab1 ~]$ su - oracle
Password:
Last login: Thu Apr 13 10:01:48 IST 2023 on pts/1
[oracle@oraclelab1 ~]$ . oraenv
ORACLE_SID = [oracle] ? DB2
The Oracle base has been set to /u01/app/oracle
[oracle@oraclelab1 ~]$
[oracle@oraclelab1 ~]$ sqlplus / as sysdba

SQL*Plus: Release 19.0.0.0.0 - Production on Thu Apr 13 10:05:48 2023
Version 19.3.0.0.0

Copyright (c) 1982, 2019, Oracle.  All rights reserved.


Connected to:
Oracle Database 19c Enterprise Edition Release 19.0.0.0.0 - Production
Version 19.3.0.0.0

SQL>
SQL> exit
Disconnected from Oracle Database 19c Enterprise Edition Release 19.0.0.0.0 - Production
Version 19.3.0.0.0
[oracle@oraclelab1 ~]$ exit
logout
[john@oraclelab1 ~]$ ps -ef|grep smon
oracle   21815     1  0 Mar22 ?        00:00:31 ora_smon_DB2
john     30050 28305  0 10:25 pts/3    00:00:00 grep --color=auto smon
[john@oraclelab1 ~]$ su - oracle
Password:
Last login: Thu Apr 13 10:04:39 IST 2023 on pts/3
[oracle@oraclelab1 ~]$ ps -ef|grep smon
oracle   21815     1  0 Mar22 ?        00:00:31 ora_smon_DB2
oracle   30141 30088  0 10:26 pts/3    00:00:00 grep --color=auto smon
[oracle@oraclelab1 ~]$ sqlplus / as sysdba
bash: sqlplus: command not found...
[oracle@oraclelab1 ~]$ . oraenv
ORACLE_SID = [oracle] ? DB2
The Oracle base has been set to /u01/app/oracle
[oracle@oraclelab1 ~]$ sqlplus / as sysdba

SQL*Plus: Release 19.0.0.0.0 - Production on Thu Apr 13 10:26:48 2023
Version 19.3.0.0.0

Copyright (c) 1982, 2019, Oracle.  All rights reserved.


Connected to:
Oracle Database 19c Enterprise Edition Release 19.0.0.0.0 - Production
Version 19.3.0.0.0

SQL> exit
Disconnected from Oracle Database 19c Enterprise Edition Release 19.0.0.0.0 - Production
Version 19.3.0.0.0
[oracle@oraclelab1 ~]$ ip a
1: lo: <LOOPBACK,UP,LOWER_UP> mtu 65536 qdisc noqueue state UNKNOWN group default qlen 1000
    link/loopback 00:00:00:00:00:00 brd 00:00:00:00:00:00
    inet 127.0.0.1/8 scope host lo
       valid_lft forever preferred_lft forever
    inet6 ::1/128 scope host
       valid_lft forever preferred_lft forever
2: ens192: <BROADCAST,MULTICAST,UP,LOWER_UP> mtu 1500 qdisc mq state UP group default qlen 1000
    link/ether 00:50:56:9f:3d:5e brd ff:ff:ff:ff:ff:ff
    inet 10.38.4.180/22 brd 10.38.7.255 scope global noprefixroute ens192
       valid_lft forever preferred_lft forever
    inet6 fe80::9d0:b16a:ee76:f2a1/64 scope link noprefixroute
       valid_lft forever preferred_lft forever
3: ens224: <BROADCAST,MULTICAST,UP,LOWER_UP> mtu 1500 qdisc mq state UP group default qlen 1000
    link/ether 00:50:56:9f:b7:9c brd ff:ff:ff:ff:ff:ff
4: virbr0: <NO-CARRIER,BROADCAST,MULTICAST,UP> mtu 1500 qdisc noqueue state DOWN group default qlen 1000
    link/ether 52:54:00:57:4d:46 brd ff:ff:ff:ff:ff:ff
    inet 192.168.122.1/24 brd 192.168.122.255 scope global virbr0
       valid_lft forever preferred_lft forever
5: virbr0-nic: <BROADCAST,MULTICAST> mtu 1500 qdisc pfifo_fast master virbr0 state DOWN group default qlen 10
    link/ether 52:54:00:57:4d:46 brd ff:ff:ff:ff:ff:ff
[oracle@oraclelab1 ~]$ ps -ef|grep smon
oracle   21815     1  0 Mar22 ?        00:00:31 ora_smon_DB2
oracle   30993 30088  0 10:40 pts/3    00:00:00 grep --color=auto smon
[oracle@oraclelab1 ~]$ ps -ef|grep Db2
oracle   31037 30088  0 10:41 pts/3    00:00:00 grep --color=auto Db2
[oracle@oraclelab1 ~]$ ps -ef|grep DB2
oracle   21764     1  0 Mar22 ?        00:01:59 ora_pmon_DB2
oracle   21766     1  0 Mar22 ?        00:00:42 ora_clmn_DB2
oracle   21768     1  0 Mar22 ?        00:03:07 ora_psp0_DB2
oracle   21771     1  0 Mar22 ?        03:22:28 ora_vktm_DB2
oracle   21780     1  0 Mar22 ?        00:01:20 ora_gen0_DB2
oracle   21785     1  0 Mar22 ?        00:00:37 ora_mman_DB2
oracle   21789     1  0 Mar22 ?        00:06:35 ora_gen1_DB2
oracle   21792     1  0 Mar22 ?        00:01:07 ora_diag_DB2
oracle   21794     1  0 Mar22 ?        00:00:25 ora_ofsd_DB2
oracle   21797     1  0 Mar22 ?        00:18:44 ora_dbrm_DB2
oracle   21799     1  0 Mar22 ?        00:18:53 ora_vkrm_DB2
oracle   21801     1  0 Mar22 ?        00:01:09 ora_svcb_DB2
oracle   21803     1  0 Mar22 ?        00:03:56 ora_pman_DB2
oracle   21805     1  0 Mar22 ?        00:19:05 ora_dia0_DB2
oracle   21807     1  0 Mar22 ?        00:01:46 ora_dbw0_DB2
oracle   21809     1  0 Mar22 ?        00:01:15 ora_lgwr_DB2
oracle   21811     1  0 Mar22 ?        00:05:37 ora_ckpt_DB2
oracle   21813     1  0 Mar22 ?        00:00:14 ora_lg00_DB2
oracle   21815     1  0 Mar22 ?        00:00:31 ora_smon_DB2
oracle   21817     1  0 Mar22 ?        00:00:13 ora_lg01_DB2
oracle   21819     1  0 Mar22 ?        00:03:23 ora_smco_DB2
oracle   21821     1  0 Mar22 ?        00:00:13 ora_reco_DB2
oracle   21823     1  0 Mar22 ?        00:00:44 ora_w000_DB2
oracle   21825     1  0 Mar22 ?        00:01:15 ora_lreg_DB2
oracle   21827     1  0 Mar22 ?        00:00:44 ora_w001_DB2
oracle   21829     1  0 Mar22 ?        00:00:33 ora_pxmn_DB2
oracle   21833     1  0 Mar22 ?        00:07:08 ora_mmon_DB2
oracle   21835     1  0 Mar22 ?        00:09:35 ora_mmnl_DB2
oracle   21837     1  0 Mar22 ?        00:00:23 ora_d000_DB2
oracle   21839     1  0 Mar22 ?        00:00:18 ora_s000_DB2
oracle   21841     1  0 Mar22 ?        00:00:26 ora_tmon_DB2
oracle   21855     1  0 Mar22 ?        00:00:37 ora_rvwr_DB2
oracle   21858     1  0 Mar22 ?        00:00:50 ora_p000_DB2
oracle   21860     1  0 Mar22 ?        00:00:48 ora_p001_DB2
oracle   21862     1  0 Mar22 ?        00:00:20 ora_tt00_DB2
oracle   21864     1  0 Mar22 ?        00:00:20 ora_arc0_DB2
oracle   21866     1  0 Mar22 ?        00:00:16 ora_tt01_DB2
oracle   21868     1  0 Mar22 ?        00:00:14 ora_arc1_DB2
oracle   21870     1  0 Mar22 ?        00:00:14 ora_arc2_DB2
oracle   21872     1  0 Mar22 ?        00:00:13 ora_arc3_DB2
oracle   21874     1  0 Mar22 ?        00:01:03 ora_tt02_DB2
oracle   21879     1  0 Mar22 ?        00:00:15 ora_aqpc_DB2
oracle   21881     1  0 Mar22 ?        00:28:59 ora_cjq0_DB2
oracle   21883     1  0 Mar22 ?        00:00:45 ora_w002_DB2
oracle   21887     1  0 Mar22 ?        00:00:51 ora_p002_DB2
oracle   21889     1  0 Mar22 ?        00:00:46 ora_p003_DB2
oracle   22053     1  0 Mar22 ?        00:00:44 ora_w003_DB2
oracle   22087     1  0 Mar22 ?        00:00:41 ora_w004_DB2
oracle   22092     1  0 Mar22 ?        00:00:17 ora_qm02_DB2
oracle   22094     1  0 Mar22 ?        00:00:19 ora_q001_DB2
oracle   22099     1  0 Mar22 ?        00:00:15 ora_q003_DB2
oracle   22251     1  0 08:20 ?        00:00:05 ora_m004_DB2
oracle   22465     1  0 Mar22 ?        00:00:44 ora_w005_DB2
oracle   22683     1  0 Mar22 ?        00:00:44 ora_w006_DB2
oracle   22688     1  0 Mar22 ?        00:00:45 ora_w007_DB2
oracle   24213     1  0 08:53 ?        00:00:04 ora_m003_DB2
oracle   25138     1  0 09:08 ?        00:00:04 ora_m006_DB2
oracle   27798     1  0 09:53 ?        00:00:02 ora_m001_DB2
oracle   29318     1  0 10:13 ?        00:00:01 ora_m002_DB2
oracle   29949     1  0 10:24 ?        00:00:00 oracleDB2 (LOCAL=NO)
oracle   31042 30088  0 10:41 pts/3    00:00:00 grep --color=auto DB2
[oracle@oraclelab1 ~]$ sqlplus / as sysdba

SQL*Plus: Release 19.0.0.0.0 - Production on Thu Apr 13 10:45:15 2023
Version 19.3.0.0.0

Copyright (c) 1982, 2019, Oracle.  All rights reserved.


Connected to:
Oracle Database 19c Enterprise Edition Release 19.0.0.0.0 - Production
Version 19.3.0.0.0

SQL> shut immediate;
Database closed.
Database dismounted.
ORACLE instance shut down.
SQL> exit
Disconnected from Oracle Database 19c Enterprise Edition Release 19.0.0.0.0 - Production
Version 19.3.0.0.0
[oracle@oraclelab1 ~]$
[oracle@oraclelab1 ~]$
[oracle@oraclelab1 ~]$ ps -ef|grep DB2
oracle   31338 30088  0 10:46 pts/3    00:00:00 grep --color=auto DB2
[oracle@oraclelab1 ~]$ sqlplus / as sysdba

SQL*Plus: Release 19.0.0.0.0 - Production on Thu Apr 13 10:46:07 2023
Version 19.3.0.0.0

Copyright (c) 1982, 2019, Oracle.  All rights reserved.

Connected to an idle instance.

SQL> startup;
ORACLE instance started.

Total System Global Area 3690985856 bytes
Fixed Size                  8903040 bytes
Variable Size             788529152 bytes
Database Buffers         2885681152 bytes
Redo Buffers                7872512 bytes
Database mounted.
Database opened.
SQL> exit
Disconnected from Oracle Database 19c Enterprise Edition Release 19.0.0.0.0 - Production
Version 19.3.0.0.0
[oracle@oraclelab1 ~]$ ps -ef|grep DB2
oracle   31366     1  0 10:46 ?        00:00:00 ora_pmon_DB2
oracle   31368     1  0 10:46 ?        00:00:00 ora_clmn_DB2
oracle   31370     1  0 10:46 ?        00:00:00 ora_psp0_DB2
oracle   31373     1  0 10:46 ?        00:00:00 ora_vktm_DB2
oracle   31377     1  0 10:46 ?        00:00:00 ora_gen0_DB2
oracle   31379     1  1 10:46 ?        00:00:00 ora_mman_DB2
oracle   31383     1  0 10:46 ?        00:00:00 ora_gen1_DB2
oracle   31386     1  0 10:46 ?        00:00:00 ora_diag_DB2
oracle   31388     1  0 10:46 ?        00:00:00 ora_ofsd_DB2
oracle   31391     1  0 10:46 ?        00:00:00 ora_dbrm_DB2
oracle   31393     1  0 10:46 ?        00:00:00 ora_vkrm_DB2
oracle   31395     1  0 10:46 ?        00:00:00 ora_svcb_DB2
oracle   31397     1  0 10:46 ?        00:00:00 ora_pman_DB2
oracle   31399     1  0 10:46 ?        00:00:00 ora_dia0_DB2
oracle   31401     1  0 10:46 ?        00:00:00 ora_dbw0_DB2
oracle   31403     1  0 10:46 ?        00:00:00 ora_lgwr_DB2
oracle   31405     1  0 10:46 ?        00:00:00 ora_ckpt_DB2
oracle   31407     1  0 10:46 ?        00:00:00 ora_lg00_DB2
oracle   31409     1  0 10:46 ?        00:00:00 ora_smon_DB2
oracle   31411     1  0 10:46 ?        00:00:00 ora_lg01_DB2
oracle   31413     1  0 10:46 ?        00:00:00 ora_smco_DB2
oracle   31415     1  0 10:46 ?        00:00:00 ora_reco_DB2
oracle   31417     1  0 10:46 ?        00:00:00 ora_w000_DB2
oracle   31419     1  0 10:46 ?        00:00:00 ora_lreg_DB2
oracle   31421     1  0 10:46 ?        00:00:00 ora_w001_DB2
oracle   31423     1  0 10:46 ?        00:00:00 ora_pxmn_DB2
oracle   31427     1 14 10:46 ?        00:00:01 ora_mmon_DB2
oracle   31429     1  0 10:46 ?        00:00:00 ora_mmnl_DB2
oracle   31431     1  0 10:46 ?        00:00:00 ora_d000_DB2
oracle   31433     1  0 10:46 ?        00:00:00 ora_s000_DB2
oracle   31435     1  0 10:46 ?        00:00:00 ora_tmon_DB2
oracle   31442     1  3 10:46 ?        00:00:00 ora_m000_DB2
oracle   31444     1  0 10:46 ?        00:00:00 ora_m001_DB2
oracle   31449     1  0 10:46 ?        00:00:00 ora_rvwr_DB2
oracle   31452     1  0 10:46 ?        00:00:00 ora_arc0_DB2
oracle   31454     1  0 10:46 ?        00:00:00 ora_tt00_DB2
oracle   31456     1  0 10:46 ?        00:00:00 ora_tt01_DB2
oracle   31458     1  0 10:46 ?        00:00:00 ora_arc1_DB2
oracle   31460     1  0 10:46 ?        00:00:00 ora_arc2_DB2
oracle   31462     1  0 10:46 ?        00:00:00 ora_arc3_DB2
oracle   31464     1  0 10:46 ?        00:00:00 ora_tt02_DB2
oracle   31469     1  0 10:46 ?        00:00:00 ora_aqpc_DB2
oracle   31471     1  4 10:46 ?        00:00:00 ora_cjq0_DB2
oracle   31473     1  0 10:46 ?        00:00:00 ora_w002_DB2
oracle   31477     1  0 10:46 ?        00:00:00 ora_p000_DB2
oracle   31479     1  0 10:46 ?        00:00:00 ora_p001_DB2
oracle   31481     1  0 10:46 ?        00:00:00 ora_p002_DB2
oracle   31483     1  0 10:46 ?        00:00:00 ora_p003_DB2
oracle   31641     1  0 10:46 ?        00:00:00 ora_w003_DB2
oracle   31652     1  9 10:46 ?        00:00:00 ora_m002_DB2
oracle   31654     1  0 10:46 ?        00:00:00 ora_m003_DB2
oracle   31678     1  0 10:46 ?        00:00:00 ora_s001_DB2
oracle   31682     1  0 10:46 ?        00:00:00 ora_w004_DB2
oracle   31684 30088  0 10:46 pts/3    00:00:00 grep --color=auto DB2
[oracle@oraclelab1 ~]$ sqlplus / as sysdba^C
[oracle@oraclelab1 ~]$
[oracle@oraclelab1 ~]$
[oracle@oraclelab1 ~]$ cd /u01/app/oracle/oradata/DB2/datafile/
[oracle@oraclelab1 datafile]$ ls -ltrh
total 2.5G
-rw-r-----. 1 oracle oinstall 132M Apr 12 22:00 o1_mf_temp_l0yocz1x_.tmp
-rw-r-----. 1 oracle oinstall 5.1M Apr 13 10:46 o1_mf_users_l0yobo9d_.dbf
-rw-r-----. 1 oracle oinstall 986M Apr 13 10:46 o1_mf_undotbs1_l0yobn6m_.dbf
-rw-r-----. 1 oracle oinstall 1.4G Apr 13 10:46 o1_mf_sysaux_l0yo9v31_.dbf
[oracle@oraclelab1 datafile]$
Network error: Software caused connection abort

─────────────────────────────────────────────────────────────────────────────────────────────────────────────

Session stopped
    - Press <return> to exit tab
    - Press R to restart session
    - Press S to save terminal output to file

